Component: ARM Compiler 5.06 update 6 (build 750) Tool: armlink [4d35ed]

==============================================================================

Section Cross References

    startup_stm32f030x6.o(STACK) refers (Special) to heapauxi.o(.text) for __use_two_region_memory
    startup_stm32f030x6.o(HEAP) refers (Special) to heapauxi.o(.text) for __use_two_region_memory
    startup_stm32f030x6.o(RESET) refers (Special) to heapauxi.o(.text) for __use_two_region_memory
    startup_stm32f030x6.o(RESET) refers to startup_stm32f030x6.o(STACK) for __initial_sp
    startup_stm32f030x6.o(RESET) refers to startup_stm32f030x6.o(.text) for Reset_Handler
    startup_stm32f030x6.o(RESET) refers to stm32f0xx_it.o(i.NMI_Handler) for NMI_Handler
    startup_stm32f030x6.o(RESET) refers to stm32f0xx_it.o(i.HardFault_Handler) for HardFault_Handler
    startup_stm32f030x6.o(RESET) refers to stm32f0xx_it.o(i.SVC_Handler) for SVC_Handler
    startup_stm32f030x6.o(RESET) refers to stm32f0xx_it.o(i.PendSV_Handler) for PendSV_Handler
    startup_stm32f030x6.o(RESET) refers to stm32f0xx_it.o(i.SysTick_Handler) for SysTick_Handler
    startup_stm32f030x6.o(RESET) refers to stm32f0xx_it.o(i.EXTI2_3_IRQHandler) for EXTI2_3_IRQHandler
    startup_stm32f030x6.o(RESET) refers to stm32f0xx_it.o(i.EXTI4_15_IRQHandler) for EXTI4_15_IRQHandler
    startup_stm32f030x6.o(RESET) refers to stm32f0xx_it.o(i.DMA1_Channel1_IRQHandler) for DMA1_Channel1_IRQHandler
    startup_stm32f030x6.o(RESET) refers to stm32f0xx_it.o(i.ADC1_IRQHandler) for ADC1_IRQHandler
    startup_stm32f030x6.o(RESET) refers to stm32f0xx_it.o(i.TIM1_BRK_UP_TRG_COM_IRQHandler) for TIM1_BRK_UP_TRG_COM_IRQHandler
    startup_stm32f030x6.o(RESET) refers to stm32f0xx_it.o(i.TIM14_IRQHandler) for TIM14_IRQHandler
    startup_stm32f030x6.o(RESET) refers to stm32f0xx_it.o(i.TIM16_IRQHandler) for TIM16_IRQHandler
    startup_stm32f030x6.o(.text) refers (Special) to heapauxi.o(.text) for __use_two_region_memory
    startup_stm32f030x6.o(.text) refers to system_stm32f0xx.o(i.SystemInit) for SystemInit
    startup_stm32f030x6.o(.text) refers to __main.o(!!!main) for __main
    startup_stm32f030x6.o(.text) refers to startup_stm32f030x6.o(HEAP) for Heap_Mem
    startup_stm32f030x6.o(.text) refers to startup_stm32f030x6.o(STACK) for Stack_Mem
    main.o(i.GetValueLen) refers to stm32f0xx_hal_tim.o(i.HAL_TIM_Base_Stop_IT) for HAL_TIM_Base_Stop_IT
    main.o(i.GetValueLen) refers to stm32f0xx_hal_adc.o(i.HAL_ADC_Start_DMA) for HAL_ADC_Start_DMA
    main.o(i.GetValueLen) refers to stm32f0xx_hal_tim.o(i.HAL_TIM_Base_Start_IT) for HAL_TIM_Base_Start_IT
    main.o(i.GetValueLen) refers to main.o(.data) for ADC_Flag
    main.o(i.GetValueLen) refers to tim.o(.bss) for htim14
    main.o(i.GetValueLen) refers to main.o(.bss) for ADC_Buff
    main.o(i.GetValueLen) refers to adc.o(.bss) for hadc
    main.o(i.HAL_ADC_ConvCpltCallback) refers to stm32f0xx_hal_adc.o(i.HAL_ADC_Stop_DMA) for HAL_ADC_Stop_DMA
    main.o(i.HAL_ADC_ConvCpltCallback) refers to adc.o(.bss) for hadc
    main.o(i.HAL_ADC_ConvCpltCallback) refers to main.o(.data) for ADC_Flag
    main.o(i.HAL_GPIO_EXTI_Callback) refers to stm32f0xx_hal_tim.o(i.HAL_TIM_Base_Start_IT) for HAL_TIM_Base_Start_IT
    main.o(i.HAL_GPIO_EXTI_Callback) refers to tim.o(.bss) for htim16
    main.o(i.HAL_TIM_PeriodElapsedCallback) refers to fflti.o(.text) for __aeabi_ui2f
    main.o(i.HAL_TIM_PeriodElapsedCallback) refers to fdiv.o(.text) for __aeabi_fdiv
    main.o(i.HAL_TIM_PeriodElapsedCallback) refers to ffixui.o(.text) for __aeabi_f2uiz
    main.o(i.HAL_TIM_PeriodElapsedCallback) refers to stm32f0xx_hal_gpio.o(i.HAL_GPIO_WritePin) for HAL_GPIO_WritePin
    main.o(i.HAL_TIM_PeriodElapsedCallback) refers to stm32f0xx_hal_gpio.o(i.HAL_GPIO_ReadPin) for HAL_GPIO_ReadPin
    main.o(i.HAL_TIM_PeriodElapsedCallback) refers to tim.o(.bss) for htim14
    main.o(i.HAL_TIM_PeriodElapsedCallback) refers to main.o(.data) for ADC_Flag
    main.o(i.KeyService) refers to stm32f0xx_hal_tim.o(i.HAL_TIM_Base_Stop_IT) for HAL_TIM_Base_Stop_IT
    main.o(i.KeyService) refers to stm32f0xx_hal_gpio.o(i.HAL_GPIO_ReadPin) for HAL_GPIO_ReadPin
    main.o(i.KeyService) refers to main.o(.data) for Key_Up_Tick
    main.o(i.KeyService) refers to tim.o(.bss) for htim16
    main.o(i.KeyService) refers to main.o(.constdata) for S_Value_Centerline_Set_Min
    main.o(i.PowerOut) refers to main.o(i.GetValueLen) for GetValueLen
    main.o(i.PowerOut) refers to fflti.o(.text) for __aeabi_ui2f
    main.o(i.PowerOut) refers to fdiv.o(.text) for __aeabi_fdiv
    main.o(i.PowerOut) refers to ffixui.o(.text) for __aeabi_f2uiz
    main.o(i.PowerOut) refers to fmul.o(x$fpl$fmul) for __aeabi_fmul
    main.o(i.PowerOut) refers to main.o(i.Set_Value) for Set_Value
    main.o(i.PowerOut) refers to main.o(.data) for Centerline_Set
    main.o(i.PowerOut) refers to tim.o(.bss) for htim3
    main.o(i.Set_Value) refers to main.o(i.GetValueLen) for GetValueLen
[...]
    Removing stm32f0xx_hal_tim.o(i.HAL_TIM_OnePulse_MspInit), (2 bytes).
    Removing stm32f0xx_hal_tim.o(i.HAL_TIM_OnePulse_Start), (148 bytes).
    Removing stm32f0xx_hal_tim.o(i.HAL_TIM_OnePulse_Start_IT), (168 bytes).
    Removing stm32f0xx_hal_tim.o(i.HAL_TIM_OnePulse_Stop), (180 bytes).
    Removing stm32f0xx_hal_tim.o(i.HAL_TIM_OnePulse_Stop_IT), (204 bytes).
    Removing stm32f0xx_hal_tim.o(i.HAL_TIM_PWM_DeInit), (124 bytes).
    Removing stm32f0xx_hal_tim.o(i.HAL_TIM_PWM_GetState), (8 bytes).
    Removing stm32f0xx_hal_tim.o(i.HAL_TIM_PWM_MspDeInit), (2 bytes).
    Removing stm32f0xx_hal_tim.o(i.HAL_TIM_PWM_MspInit), (2 bytes).
    Removing stm32f0xx_hal_tim.o(i.HAL_TIM_PWM_PulseFinishedHalfCpltCallback), (2 bytes).
    Removing stm32f0xx_hal_tim.o(i.HAL_TIM_PWM_Start), (224 bytes).
    Removing stm32f0xx_hal_tim.o(i.HAL_TIM_PWM_Start_DMA), (552 bytes).
    Removing stm32f0xx_hal_tim.o(i.HAL_TIM_PWM_Start_IT), (300 bytes).
    Removing stm32f0xx_hal_tim.o(i.HAL_TIM_PWM_Stop), (196 bytes).
    Removing stm32f0xx_hal_tim.o(i.HAL_TIM_PWM_Stop_DMA), (304 bytes).
    Removing stm32f0xx_hal_tim.o(i.HAL_TIM_PWM_Stop_IT), (272 bytes).
    Removing stm32f0xx_hal_tim.o(i.HAL_TIM_PeriodElapsedCallback), (2 bytes).
    Removing stm32f0xx_hal_tim.o(i.HAL_TIM_PeriodElapsedHalfCpltCallback), (2 bytes).
    Removing stm32f0xx_hal_tim.o(i.HAL_TIM_ReadCapturedValue), (52 bytes).
    Removing stm32f0xx_hal_tim.o(i.HAL_TIM_SlaveConfigSynchro), (112 bytes).
    Removing stm32f0xx_hal_tim.o(i.HAL_TIM_SlaveConfigSynchro_IT), (112 bytes).
    Removing stm32f0xx_hal_tim.o(i.HAL_TIM_TriggerHalfCpltCallback), (2 bytes).
    Removing stm32f0xx_hal_tim.o(i.TIM_CCxChannelCmd), (34 bytes).
    Removing stm32f0xx_hal_tim.o(i.TIM_DMACaptureCplt), (128 bytes).
    Removing stm32f0xx_hal_tim.o(i.TIM_DMACaptureHalfCplt), (64 bytes).
    Removing stm32f0xx_hal_tim.o(i.TIM_DMADelayPulseCplt), (112 bytes).
    Removing stm32f0xx_hal_tim.o(i.TIM_DMADelayPulseHalfCplt), (64 bytes).
    Removing stm32f0xx_hal_tim.o(i.TIM_DMAError), (96 bytes).
    Removing stm32f0xx_hal_tim.o(i.TIM_DMAPeriodElapsedCplt), (28 bytes).
    Removing stm32f0xx_hal_tim.o(i.TIM_DMAPeriodElapsedHalfCplt), (14 bytes).
    Removing stm32f0xx_hal_tim.o(i.TIM_DMATriggerCplt), (28 bytes).
    Removing stm32f0xx_hal_tim.o(i.TIM_DMATriggerHalfCplt), (14 bytes).
    Removing stm32f0xx_hal_tim.o(i.TIM_SlaveTimer_SetConfig), (176 bytes).
    Removing stm32f0xx_hal_tim.o(i.TIM_TI1_SetConfig), (96 bytes).
    Removing stm32f0xx_hal_tim.o(i.TIM_TI2_SetConfig), (72 bytes).
    Removing stm32f0xx_hal_tim.o(i.TIM_TI3_SetConfig), (70 bytes).
    Removing stm32f0xx_hal_tim.o(i.TIM_TI4_SetConfig), (78 bytes).
    Removing stm32f0xx_hal_tim_ex.o(.rev16_text), (4 bytes).
    Removing stm32f0xx_hal_tim_ex.o(.revsh_text), (4 bytes).
    Removing stm32f0xx_hal_tim_ex.o(i.HAL_TIMEx_CommutHalfCpltCallback), (2 bytes).
    Removing stm32f0xx_hal_tim_ex.o(i.HAL_TIMEx_ConfigBreakDeadTime), (140 bytes).
    Removing stm32f0xx_hal_tim_ex.o(i.HAL_TIMEx_ConfigCommutEvent), (138 bytes).
    Removing stm32f0xx_hal_tim_ex.o(i.HAL_TIMEx_ConfigCommutEvent_DMA), (168 bytes).
    Removing stm32f0xx_hal_tim_ex.o(i.HAL_TIMEx_ConfigCommutEvent_IT), (138 bytes).
    Removing stm32f0xx_hal_tim_ex.o(i.HAL_TIMEx_GetChannelNState), (40 bytes).
    Removing stm32f0xx_hal_tim_ex.o(i.HAL_TIMEx_HallSensor_DeInit), (100 bytes).
    Removing stm32f0xx_hal_tim_ex.o(i.HAL_TIMEx_HallSensor_GetState), (8 bytes).
    Removing stm32f0xx_hal_tim_ex.o(i.HAL_TIMEx_HallSensor_Init), (232 bytes).
    Removing stm32f0xx_hal_tim_ex.o(i.HAL_TIMEx_HallSensor_MspDeInit), (2 bytes).
    Removing stm32f0xx_hal_tim_ex.o(i.HAL_TIMEx_HallSensor_MspInit), (2 bytes).
    Removing stm32f0xx_hal_tim_ex.o(i.HAL_TIMEx_HallSensor_Start), (144 bytes).
    Removing stm32f0xx_hal_tim_ex.o(i.HAL_TIMEx_HallSensor_Start_DMA), (220 bytes).
    Removing stm32f0xx_hal_tim_ex.o(i.HAL_TIMEx_HallSensor_Start_IT), (152 bytes).
    Removing stm32f0xx_hal_tim_ex.o(i.HAL_TIMEx_HallSensor_Stop), (80 bytes).
    Removing stm32f0xx_hal_tim_ex.o(i.HAL_TIMEx_HallSensor_Stop_DMA), (92 bytes).
    Removing stm32f0xx_hal_tim_ex.o(i.HAL_TIMEx_HallSensor_Stop_IT), (92 bytes).
    Removing stm32f0xx_hal_tim_ex.o(i.HAL_TIMEx_OCN_Start), (180 bytes).
    Removing stm32f0xx_hal_tim_ex.o(i.HAL_TIMEx_OCN_Start_DMA), (444 bytes).
    Removing stm32f0xx_hal_tim_ex.o(i.HAL_TIMEx_OCN_Start_IT), (252 bytes).
    Removing stm32f0xx_hal_tim_ex.o(i.HAL_TIMEx_OCN_Stop), (148 bytes).
    Removing stm32f0xx_hal_tim_ex.o(i.HAL_TIMEx_OCN_Stop_DMA), (232 bytes).
    Removing stm32f0xx_hal_tim_ex.o(i.HAL_TIMEx_OCN_Stop_IT), (236 bytes).
    Removing stm32f0xx_hal_tim_ex.o(i.HAL_TIMEx_OnePulseN_Start), (226 bytes).
    Removing stm32f0xx_hal_tim_ex.o(i.HAL_TIMEx_OnePulseN_Start_IT), (250 bytes).
    Removing stm32f0xx_hal_tim_ex.o(i.HAL_TIMEx_OnePulseN_Stop), (212 bytes).
    Removing stm32f0xx_hal_tim_ex.o(i.HAL_TIMEx_OnePulseN_Stop_IT), (236 bytes).
    Removing stm32f0xx_hal_tim_ex.o(i.HAL_TIMEx_PWMN_Start), (180 bytes).
    Removing stm32f0xx_hal_tim_ex.o(i.HAL_TIMEx_PWMN_Start_DMA), (444 bytes).
    Removing stm32f0xx_hal_tim_ex.o(i.HAL_TIMEx_PWMN_Start_IT), (252 bytes).
    Removing stm32f0xx_hal_tim_ex.o(i.HAL_TIMEx_PWMN_Stop), (148 bytes).
    Removing stm32f0xx_hal_tim_ex.o(i.HAL_TIMEx_PWMN_Stop_DMA), (232 bytes).
    Removing stm32f0xx_hal_tim_ex.o(i.HAL_TIMEx_PWMN_Stop_IT), (236 bytes).
    Removing stm32f0xx_hal_tim_ex.o(i.HAL_TIMEx_RemapConfig), (42 bytes).
    Removing stm32f0xx_hal_tim_ex.o(i.TIMEx_DMACommutationCplt), (20 bytes).
    Removing stm32f0xx_hal_tim_ex.o(i.TIMEx_DMACommutationHalfCplt), (20 bytes).
    Removing stm32f0xx_hal_tim_ex.o(i.TIM_CCxNChannelCmd), (34 bytes).
    Removing stm32f0xx_hal_tim_ex.o(i.TIM_DMADelayPulseNCplt), (112 bytes).
    Removing stm32f0xx_hal_tim_ex.o(i.TIM_DMAErrorCCxN), (70 bytes).
    Removing system_stm32f0xx.o(.rev16_text), (4 bytes).
    Removing system_stm32f0xx.o(.revsh_text), (4 bytes).
    Removing system_stm32f0xx.o(i.SystemCoreClockUpdate), (180 bytes).
    Removing stm32f0xx_hal_dma.o(i.__ARM_common_switch8), (28 bytes).

393 unused section(s) (total 42554 bytes) removed from the image.

==============================================================================

Image Symbol Table

    Local Symbols

    Symbol Name                              Value     Ov Type        Size  Object(Section)

    ../Core/Src/adc.c                        0x00000000   Number         0  adc.o ABSOLUTE
    ../Core/Src/dma.c                        0x00000000   Number         0  dma.o ABSOLUTE
    ../Core/Src/gpio.c                       0x00000000   Number         0  gpio.o ABSOLUTE
    ../Core/Src/main.c                       0x00000000   Number         0  main.o ABSOLUTE
    ../Core/Src/stm32f0xx_hal_msp.c          0x00000000   Number         0  stm32f0xx_hal_msp.o ABSOLUTE
    ../Core/Src/stm32f0xx_it.c               0x00000000   Number         0  stm32f0xx_it.o ABSOLUTE
    ../Core/Src/system_stm32f0xx.c           0x00000000   Number         0  system_stm32f0xx.o ABSOLUTE
    ../Core/Src/tim.c                        0x00000000   Number         0  tim.o ABSOLUTE
    ../Drivers/STM32F0xx_HAL_Driver/Src/stm32f0xx_hal.c 0x00000000   Number         0  stm32f0xx_hal.o ABSOLUTE
    ../Drivers/STM32F0xx_HAL_Driver/Src/stm32f0xx_hal_adc.c 0x00000000   Number         0  stm32f0xx_hal_adc.o ABSOLUTE
    ../Drivers/STM32F0xx_HAL_Driver/Src/stm32f0xx_hal_adc_ex.c 0x00000000   Number         0  stm32f0xx_hal_adc_ex.o ABSOLUTE
    ../Drivers/STM32F0xx_HAL_Driver/Src/stm32f0xx_hal_cortex.c 0x00000000   Number         0  stm32f0xx_hal_cortex.o ABSOLUTE
    ../Drivers/STM32F0xx_HAL_Driver/Src/stm32f0xx_hal_dma.c 0x00000000   Number         0  stm32f0xx_hal_dma.o ABSOLUTE
    ../Drivers/STM32F0xx_HAL_Driver/Src/stm32f0xx_hal_exti.c 0x00000000   Number         0  stm32f0xx_hal_exti.o ABSOLUTE
    ../Drivers/STM32F0xx_HAL_Driver/Src/stm32f0xx_hal_flash.c 0x00000000   Number         0  stm32f0xx_hal_flash.o ABSOLUTE
    ../Drivers/STM32F0xx_HAL_Driver/Src/stm32f0xx_hal_flash_ex.c 0x00000000   Number         0  stm32f0xx_hal_flash_ex.o ABSOLUTE
    ../Drivers/STM32F0xx_HAL_Driver/Src/stm32f0xx_hal_gpio.c 0x00000000   Number         0  stm32f0xx_hal_gpio.o ABSOLUTE
    ../Drivers/STM32F0xx_HAL_Driver/Src/stm32f0xx_hal_i2c.c 0x00000000   Number         0  stm32f0xx_hal_i2c.o ABSOLUTE
    ../Drivers/STM32F0xx_HAL_Driver/Src/stm32f0xx_hal_i2c_ex.c 0x00000000   Number         0  stm32f0xx_hal_i2c_ex.o ABSOLUTE
    ../Drivers/STM32F0xx_HAL_Driver/Src/stm32f0xx_hal_pwr.c 0x00000000   Number         0  stm32f0xx_hal_pwr.o ABSOLUTE
    ../Drivers/STM32F0xx_HAL_Driver/Src/stm32f0xx_hal_pwr_ex.c 0x00000000   Number         0  stm32f0xx_hal_pwr_ex.o ABSOLUTE
    ../Drivers/STM32F0xx_HAL_Driver/Src/stm32f0xx_hal_rcc.c 0x00000000   Number         0  stm32f0xx_hal_rcc.o ABSOLUTE
    ../Drivers/STM32F0xx_HAL_Driver/Src/stm32f0xx_hal_rcc_ex.c 0x00000000   Number         0  stm32f0xx_hal_rcc_ex.o ABSOLUTE
    ../Drivers/STM32F0xx_HAL_Driver/Src/stm32f0xx_hal_tim.c 0x00000000   Number         0  stm32f0xx_hal_tim.o ABSOLUTE
    ../Drivers/STM32F0xx_HAL_Driver/Src/stm32f0xx_hal_tim_ex.c 0x00000000   Number         0  stm32f0xx_hal_tim_ex.o ABSOLUTE
    ../clib/angel/boardlib.s                 0x00000000   Number         0  boardinit3.o ABSOLUTE
    ../clib/angel/boardlib.s                 0x00000000   Number         0  boardshut.o ABSOLUTE
    ../clib/angel/boardlib.s                 0x00000000   Number         0  boardinit1.o ABSOLUTE
    ../clib/angel/boardlib.s                 0x00000000   Number         0  boardinit2.o ABSOLUTE
    ../clib/angel/handlers.s                 0x00000000   Number         0  __scatter_zi.o ABSOLUTE
    ../clib/angel/handlers.s                 0x00000000   Number         0  __scatter_copy.o ABSOLUTE
    ../clib/angel/kernel.s                   0x00000000   Number         0  __rtentry.o ABSOLUTE
    ../clib/angel/kernel.s                   0x00000000   Number         0  rtexit2.o ABSOLUTE
    ../clib/angel/kernel.s                   0x00000000   Number         0  rtexit.o ABSOLUTE
    ../clib/angel/kernel.s                   0x00000000   Number         0  __rtentry2.o ABSOLUTE
    ../clib/angel/kernel.s                   0x00000000   Number         0  __rtentry4.o ABSOLUTE
    ../clib/angel/rt.s                       0x00000000   Number         0  aeabi_idiv0.o ABSOLUTE
    ../clib/angel/rt.s                       0x00000000   Number         0  rt_raise.o ABSOLUTE
    ../clib/angel/rt.s                       0x00000000   Number         0  aeabi_ldiv0.o ABSOLUTE
    ../clib/angel/rt.s                       0x00000000   Number         0  aeabi_ldiv0_sigfpe.o ABSOLUTE
    ../clib/angel/rt.s                       0x00000000   Number         0  aeabi_idiv0_sigfpe.o ABSOLUTE
    ../clib/angel/rt.s                       0x00000000   Number         0  rt_div0.o ABSOLUTE
    ../clib/angel/scatterp.s                 0x00000000   Number         0  __scatter.o ABSOLUTE
    ../clib/angel/startup.s                  0x00000000   Number         0  __main.o ABSOLUTE
    ../clib/angel/sys.s                      0x00000000   Number         0  tempstk.o ABSOLUTE
    ../clib/angel/sys.s                      0x00000000   Number         0  sys_stackheap_outer.o ABSOLUTE
    ../clib/angel/sys.s                      0x00000000   Number         0  use_no_semi.o ABSOLUTE
    ../clib/angel/sys.s                      0x00000000   Number         0  indicate_semi.o ABSOLUTE
    ../clib/angel/sys.s                      0x00000000   Number         0  libspace.o ABSOLUTE
    ../clib/angel/sysapp.c                   0x00000000   Number         0  sys_command.o ABSOLUTE
    ../clib/angel/sysapp.c                   0x00000000   Number         0  sys_exit.o ABSOLUTE
    ../clib/angel/sysapp.c                   0x00000000   Number         0  sys_wrch.o ABSOLUTE
    ../clib/armsys.c                         0x00000000   Number         0  no_argv.o ABSOLUTE
    ../clib/armsys.c                         0x00000000   Number         0  _get_argv_nomalloc.o ABSOLUTE
    ../clib/armsys.c                         0x00000000   Number         0  argv_veneer.o ABSOLUTE
    ../clib/division.c                       0x00000000   Number         0  lludiv.o ABSOLUTE
    ../clib/division.s                       0x00000000   Number         0  aeabi_sdiv.o ABSOLUTE
    ../clib/division.s                       0x00000000   Number         0  aeabi_sdiv_div0.o ABSOLUTE
    ../clib/heapalloc.c                      0x00000000   Number         0  hrguard.o ABSOLUTE
    ../clib/heapaux.c                        0x00000000   Number         0  heapauxi.o ABSOLUTE
    ../clib/libinit.s                        0x00000000   Number         0  libshutdown.o ABSOLUTE
    ../clib/libinit.s                        0x00000000   Number         0  libinit.o ABSOLUTE
    ../clib/libinit.s                        0x00000000   Number         0  libinit2.o ABSOLUTE
    ../clib/libinit.s                        0x00000000   Number         0  libshutdown2.o ABSOLUTE
    ../clib/longlong.c                       0x00000000   Number         0  llushr.o ABSOLUTE
    ../clib/memcpset.c                       0x00000000   Number         0  rt_memclr.o ABSOLUTE
    ../clib/memcpset.c                       0x00000000   Number         0  rt_memcpy.o ABSOLUTE
    ../clib/memcpset.c                       0x00000000   Number         0  rt_memcpy.o ABSOLUTE
    ../clib/signal.c                         0x00000000   Number         0  defsig_abrt_inner.o ABSOLUTE
    ../clib/signal.c                         0x00000000   Number         0  defsig_fpe_inner.o ABSOLUTE
    ../clib/signal.c                         0x00000000   Number         0  defsig_exit.o ABSOLUTE
    ../clib/signal.c                         0x00000000   Number         0  defsig_fpe_outer.o ABSOLUTE
    ../clib/signal.c                         0x00000000   Number         0  defsig_segv_inner.o ABSOLUTE
    ../clib/signal.c                         0x00000000   Number         0  defsig_other.o ABSOLUTE
    ../clib/signal.c                         0x00000000   Number         0  defsig_rtmem_outer.o ABSOLUTE
    ../clib/signal.c                         0x00000000   Number         0  defsig_general.o ABSOLUTE
    ../clib/signal.c                         0x00000000   Number         0  defsig_cppl_inner.o ABSOLUTE
    ../clib/signal.c                         0x00000000   Number         0  defsig_fpe_formal.o ABSOLUTE
    ../clib/signal.c                         0x00000000   Number         0  defsig_rtred_inner.o ABSOLUTE
    ../clib/signal.c                         0x00000000   Number         0  defsig_rtmem_formal.o ABSOLUTE
    ../clib/signal.c                         0x00000000   Number         0  defsig_stak_inner.o ABSOLUTE
    ../clib/signal.c                         0x00000000   Number         0  defsig_rtmem_inner.o ABSOLUTE
    ../clib/signal.c                         0x00000000   Number         0  __raise.o ABSOLUTE
    ../clib/signal.c                         0x00000000   Number         0  defsig_pvfn_inner.o ABSOLUTE
    ../clib/signal.s                         0x00000000   Number         0  defsig.o ABSOLUTE
    ../clib/stdlib.c                         0x00000000   Number         0  exit.o ABSOLUTE
    ../fplib/cfplib/fdiv.c                   0x00000000   Number         0  fdiv.o ABSOLUTE
    ../fplib/cfplib/ffix.c                   0x00000000   Number         0  ffixui.o ABSOLUTE
    ../fplib/cfplib/fflt.c                   0x00000000   Number         0  fflti.o ABSOLUTE
    ../fplib/cfplib/fpinit.c                 0x00000000   Number         0  fpinit.o ABSOLUTE
    ../fplib/fmul6m.s                        0x00000000   Number         0  fmul.o ABSOLUTE
    ../fplib/usenofp.s                       0x00000000   Number         0  usenofp.o ABSOLUTE
    ..\Core\Src\adc.c                        0x00000000   Number         0  adc.o ABSOLUTE
    ..\Core\Src\dma.c                        0x00000000   Number         0  dma.o ABSOLUTE
    ..\Core\Src\gpio.c                       0x00000000   Number         0  gpio.o ABSOLUTE
    ..\Core\Src\main.c                       0x00000000   Number         0  main.o ABSOLUTE
    ..\Core\Src\stm32f0xx_hal_msp.c          0x00000000   Number         0  stm32f0xx_hal_msp.o ABSOLUTE
    ..\Core\Src\stm32f0xx_it.c               0x00000000   Number         0  stm32f0xx_it.o ABSOLUTE
    ..\Core\Src\system_stm32f0xx.c           0x00000000   Number         0  system_stm32f0xx.o ABSOLUTE
    ..\Core\Src\tim.c                        0x00000000   Number         0  tim.o ABSOLUTE
    ..\Drivers\STM32F0xx_HAL_Driver\Src\stm32f0xx_hal.c 0x00000000   Number         0  stm32f0xx_hal.o ABSOLUTE
    ..\Drivers\STM32F0xx_HAL_Driver\Src\stm32f0xx_hal_adc.c 0x00000000   Number         0  stm32f0xx_hal_adc.o ABSOLUTE
    ..\Drivers\STM32F0xx_HAL_Driver\Src\stm32f0xx_hal_adc_ex.c 0x00000000   Number         0  stm32f0xx_hal_adc_ex.o ABSOLUTE
    ..\Drivers\STM32F0xx_HAL_Driver\Src\stm32f0xx_hal_cortex.c 0x00000000   Number         0  stm32f0xx_hal_cortex.o ABSOLUTE
    ..\Drivers\STM32F0xx_HAL_Driver\Src\stm32f0xx_hal_dma.c 0x00000000   Number         0  stm32f0xx_hal_dma.o ABSOLUTE
    ..\Drivers\STM32F0xx_HAL_Driver\Src\stm32f0xx_hal_exti.c 0x00000000   Number         0  stm32f0xx_hal_exti.o ABSOLUTE
    ..\Drivers\STM32F0xx_HAL_Driver\Src\stm32f0xx_hal_flash.c 0x00000000   Number         0  stm32f0xx_hal_flash.o ABSOLUTE
    ..\Drivers\STM32F0xx_HAL_Driver\Src\stm32f0xx_hal_flash_ex.c 0x00000000   Number         0  stm32f0xx_hal_flash_ex.o ABSOLUTE
    ..\Drivers\STM32F0xx_HAL_Driver\Src\stm32f0xx_hal_gpio.c 0x00000000   Number         0  stm32f0xx_hal_gpio.o ABSOLUTE
    ..\Drivers\STM32F0xx_HAL_Driver\Src\stm32f0xx_hal_i2c.c 0x00000000   Number         0  stm32f0xx_hal_i2c.o ABSOLUTE
    ..\Drivers\STM32F0xx_HAL_Driver\Src\stm32f0xx_hal_i2c_ex.c 0x00000000   Number         0  stm32f0xx_hal_i2c_ex.o ABSOLUTE
    ..\Drivers\STM32F0xx_HAL_Driver\Src\stm32f0xx_hal_pwr.c 0x00000000   Number         0  stm32f0xx_hal_pwr.o ABSOLUTE
    ..\Drivers\STM32F0xx_HAL_Driver\Src\stm32f0xx_hal_pwr_ex.c 0x00000000   Number         0  stm32f0xx_hal_pwr_ex.o ABSOLUTE
    ..\Drivers\STM32F0xx_HAL_Driver\Src\stm32f0xx_hal_rcc.c 0x00000000   Number         0  stm32f0xx_hal_rcc.o ABSOLUTE
    ..\Drivers\STM32F0xx_HAL_Driver\Src\stm32f0xx_hal_rcc_ex.c 0x00000000   Number         0  stm32f0xx_hal_rcc_ex.o ABSOLUTE
    ..\Drivers\STM32F0xx_HAL_Driver\Src\stm32f0xx_hal_tim.c 0x00000000   Number         0  stm32f0xx_hal_tim.o ABSOLUTE
    ..\Drivers\STM32F0xx_HAL_Driver\Src\stm32f0xx_hal_tim_ex.c 0x00000000   Number         0  stm32f0xx_hal_tim_ex.o ABSOLUTE
    dc.s                                     0x00000000   Number         0  dc.o ABSOLUTE
    startup_stm32f030x6.s                    0x00000000   Number         0  startup_stm32f030x6.o ABSOLUTE
    RESET                                    0x08000000   Section      176  startup_stm32f030x6.o(RESET)
    !!!main                                  0x080000b0   Section        8  __main.o(!!!main)
    !!!scatter                               0x080000b8   Section       60  __scatter.o(!!!scatter)
    !!handler_copy                           0x080000f4   Section       26  __scatter_copy.o(!!handler_copy)
    !!handler_zi                             0x08000110   Section       28  __scatter_zi.o(!!handler_zi)
    .ARM.Collect$$libinit$$00000000          0x0800012c   Section        2  libinit.o(.ARM.Collect$$libinit$$00000000)
    .ARM.Collect$$libinit$$00000002          0x0800012e   Section        0  libinit2.o(.ARM.Collect$$libinit$$00000002)
    .ARM.Collect$$libinit$$00000004          0x0800012e   Section        0  libinit2.o(.ARM.Collect$$libinit$$00000004)
    .ARM.Collect$$libinit$$0000000A          0x0800012e   Section        0  libinit2.o(.ARM.Collect$$libinit$$0000000A)
    .ARM.Collect$$libinit$$0000000C          0x0800012e   Section        0  libinit2.o(.ARM.Collect$$libinit$$0000000C)
    .ARM.Collect$$libinit$$0000000E          0x0800012e   Section        0  libinit2.o(.ARM.Collect$$libinit$$0000000E)
    .ARM.Collect$$libinit$$00000011          0x0800012e   Section        0  libinit2.o(.ARM.Collect$$libinit$$00000011)
    .ARM.Collect$$libinit$$00000013          0x0800012e   Section        0  libinit2.o(.ARM.Collect$$libinit$$00000013)
    .ARM.Collect$$libinit$$00000015          0x0800012e   Section        0  libinit2.o(.ARM.Collect$$libinit$$00000015)
    .ARM.Collect$$libinit$$00000017          0x0800012e   Section        0  libinit2.o(.ARM.Collect$$libinit$$00000017)
    .ARM.Collect$$libinit$$00000019          0x0800012e   Section        0  libinit2.o(.ARM.Collect$$libinit$$00000019)
    .ARM.Collect$$libinit$$0000001B          0x0800012e   Section        0  libinit2.o(.ARM.Collect$$libinit$$0000001B)
    .ARM.Collect$$libinit$$0000001D          0x0800012e   Section        0  libinit2.o(.ARM.Collect$$libinit$$0000001D)
    .ARM.Collect$$libinit$$0000001F          0x0800012e   Section        0  libinit2.o(.ARM.Collect$$libinit$$0000001F)
    .ARM.Collect$$libinit$$00000021          0x0800012e   Section        0  libinit2.o(.ARM.Collect$$libinit$$00000021)
    .ARM.Collect$$libinit$$00000023          0x0800012e   Section        0  libinit2.o(.ARM.Collect$$libinit$$00000023)
    .ARM.Collect$$libinit$$00000025          0x0800012e   Section        0  libinit2.o(.ARM.Collect$$libinit$$00000025)
    .ARM.Collect$$libinit$$0000002C          0x0800012e   Section        0  libinit2.o(.ARM.Collect$$libinit$$0000002C)
    .ARM.Collect$$libinit$$0000002E          0x0800012e   Section        0  libinit2.o(.ARM.Collect$$libinit$$0000002E)
    .ARM.Collect$$libinit$$00000030          0x0800012e   Section        0  libinit2.o(.ARM.Collect$$libinit$$00000030)
    .ARM.Collect$$libinit$$00000032          0x0800012e   Section        0  libinit2.o(.ARM.Collect$$libinit$$00000032)
    .ARM.Collect$$libinit$$00000033          0x0800012e   Section        2  libinit2.o(.ARM.Collect$$libinit$$00000033)
    .ARM.Collect$$libshutdown$$00000000      0x08000130   Section        2  libshutdown.o(.ARM.Collect$$libshutdown$$00000000)
    .ARM.Collect$$libshutdown$$00000002      0x08000132   Section        0  libshutdown2.o(.ARM.Collect$$libshutdown$$00000002)
    .ARM.Collect$$libshutdown$$00000004      0x08000132   Section        0  libshutdown2.o(.ARM.Collect$$libshutdown$$00000004)
    .ARM.Collect$$libshutdown$$00000007      0x08000132   Section        0  libshutdown2.o(.ARM.Collect$$libshutdown$$00000007)
    .ARM.Collect$$libshutdown$$0000000A      0x08000132   Section        0  libshutdown2.o(.ARM.Collect$$libshutdown$$0000000A)
    .ARM.Collect$$libshutdown$$0000000C      0x08000132   Section        0  libshutdown2.o(.ARM.Collect$$libshutdown$$0000000C)
    .ARM.Collect$$libshutdown$$0000000F      0x08000132   Section        0  libshutdown2.o(.ARM.Collect$$libshutdown$$0000000F)
    .ARM.Collect$$libshutdown$$00000010      0x08000132   Section        2  libshutdown2.o(.ARM.Collect$$libshutdown$$00000010)
    .ARM.Collect$$rtentry$$00000000          0x08000134   Section        0  __rtentry.o(.ARM.Collect$$rtentry$$00000000)
    .ARM.Collect$$rtentry$$00000002          0x08000134   Section        0  __rtentry2.o(.ARM.Collect$$rtentry$$00000002)
    .ARM.Collect$$rtentry$$00000004          0x08000134   Section        6  __rtentry4.o(.ARM.Collect$$rtentry$$00000004)
    .ARM.Collect$$rtentry$$00000009          0x0800013a   Section        0  __rtentry2.o(.ARM.Collect$$rtentry$$00000009)
    .ARM.Collect$$rtentry$$0000000A          0x0800013a   Section        4  __rtentry2.o(.ARM.Collect$$rtentry$$0000000A)
    .ARM.Collect$$rtentry$$0000000C          0x0800013e   Section        0  __rtentry2.o(.ARM.Collect$$rtentry$$0000000C)
    .ARM.Collect$$rtentry$$0000000D          0x0800013e   Section        8  __rtentry2.o(.ARM.Collect$$rtentry$$0000000D)
    .ARM.Collect$$rtexit$$00000000           0x08000146   Section        2  rtexit.o(.ARM.Collect$$rtexit$$00000000)
    .ARM.Collect$$rtexit$$00000002           0x08000148   Section        0  rtexit2.o(.ARM.Collect$$rtexit$$00000002)
    .ARM.Collect$$rtexit$$00000003           0x08000148   Section        4  rtexit2.o(.ARM.Collect$$rtexit$$00000003)
    .ARM.Collect$$rtexit$$00000004           0x0800014c   Section        6  rtexit2.o(.ARM.Collect$$rtexit$$00000004)
    .emb_text                                0x08000154   Section       56  rt_memcpy.o(.emb_text)
    .text                                    0x0800018c   Section       56  startup_stm32f030x6.o(.text)
    .text                                    0x080001c4   Section        0  lludiv.o(.text)
    .text                                    0x080002c6   Section        0  rt_memclr.o(.text)
    .text                                    0x08000306   Section      346  aeabi_sdiv.o(.text)
    .text                                    0x08000460   Section        0  heapauxi.o(.text)
    .text                                    0x08000468   Section        0  fdiv.o(.text)
    .text                                    0x080005c8   Section        0  ffixui.o(.text)
    .text                                    0x080005f8   Section        0  fflti.o(.text)
    .text                                    0x08000656   Section       62  sys_stackheap_outer.o(.text)
    .text                                    0x08000694   Section        0  exit.o(.text)
    .text                                    0x080006a4   Section        8  libspace.o(.text)
    .text                                    0x080006ac   Section        0  sys_exit.o(.text)
    .text                                    0x080006b8   Section        2  use_no_semi.o(.text)
    .text                                    0x080006ba   Section        0  indicate_semi.o(.text)
    i.ADC1_IRQHandler                        0x080006bc   Section        0  stm32f0xx_it.o(i.ADC1_IRQHandler)
    i.ADC_ConversionStop                     0x080006cc   Section        0  stm32f0xx_hal_adc.o(i.ADC_ConversionStop)
    ADC_ConversionStop                       0x080006cd   Thumb Code   108  stm32f0xx_hal_adc.o(i.ADC_ConversionStop)
    i.ADC_DMAConvCplt                        0x08000738   Section        0  stm32f0xx_hal_adc.o(i.ADC_DMAConvCplt)
    ADC_DMAConvCplt                          0x08000739   Thumb Code   134  stm32f0xx_hal_adc.o(i.ADC_DMAConvCplt)
    i.ADC_DMAError                           0x080007be   Section        0  stm32f0xx_hal_adc.o(i.ADC_DMAError)
    ADC_DMAError                             0x080007bf   Thumb Code    30  stm32f0xx_hal_adc.o(i.ADC_DMAError)
    i.ADC_DMAHalfConvCplt                    0x080007dc   Section        0  stm32f0xx_hal_adc.o(i.ADC_DMAHalfConvCplt)
    ADC_DMAHalfConvCplt                      0x080007dd   Thumb Code    14  stm32f0xx_hal_adc.o(i.ADC_DMAHalfConvCplt)
    i.ADC_Disable                            0x080007ea   Section        0  stm32f0xx_hal_adc.o(i.ADC_Disable)
    ADC_Disable                              0x080007eb   Thumb Code   170  stm32f0xx_hal_adc.o(i.ADC_Disable)
    i.ADC_Enable                             0x08000894   Section        0  stm32f0xx_hal_adc.o(i.ADC_Enable)
    ADC_Enable                               0x08000895   Thumb Code   198  stm32f0xx_hal_adc.o(i.ADC_Enable)
    i.DMA1_Channel1_IRQHandler               0x08000968   Section        0  stm32f0xx_it.o(i.DMA1_Channel1_IRQHandler)
    i.DMA_CalcBaseAndBitshift                0x08000978   Section        0  stm32f0xx_hal_dma.o(i.DMA_CalcBaseAndBitshift)
    DMA_CalcBaseAndBitshift                  0x08000979   Thumb Code    28  stm32f0xx_hal_dma.o(i.DMA_CalcBaseAndBitshift)
    i.DMA_SetConfig                          0x08000998   Section        0  stm32f0xx_hal_dma.o(i.DMA_SetConfig)
    DMA_SetConfig                            0x08000999   Thumb Code    42  stm32f0xx_hal_dma.o(i.DMA_SetConfig)
    i.EXTI2_3_IRQHandler                     0x080009c2   Section        0  stm32f0xx_it.o(i.EXTI2_3_IRQHandler)
    i.EXTI4_15_IRQHandler                    0x080009cc   Section        0  stm32f0xx_it.o(i.EXTI4_15_IRQHandler)
    i.Error_Handler                          0x080009d6   Section        0  main.o(i.Error_Handler)
    i.GetValueLen                            0x080009dc   Section        0  main.o(i.GetValueLen)
    i.HAL_ADC_ConfigChannel                  0x08000bf0   Section        0  stm32f0xx_hal_adc.o(i.HAL_ADC_ConfigChannel)
    i.HAL_ADC_ConvCpltCallback               0x08000d78   Section        0  main.o(i.HAL_ADC_ConvCpltCallback)
    i.HAL_ADC_ConvHalfCpltCallback           0x08000d94   Section        0  stm32f0xx_hal_adc.o(i.HAL_ADC_ConvHalfCpltCallback)
    i.HAL_ADC_ErrorCallback                  0x08000d96   Section        0  stm32f0xx_hal_adc.o(i.HAL_ADC_ErrorCallback)
    i.HAL_ADC_IRQHandler                     0x08000d98   Section        0  stm32f0xx_hal_adc.o(i.HAL_ADC_IRQHandler)
    i.HAL_ADC_Init                           0x08000eb0   Section        0  stm32f0xx_hal_adc.o(i.HAL_ADC_Init)
    i.HAL_ADC_LevelOutOfWindowCallback       0x08001074   Section        0  stm32f0xx_hal_adc.o(i.HAL_ADC_LevelOutOfWindowCallback)
    i.HAL_ADC_MspInit                        0x08001078   Section        0  adc.o(i.HAL_ADC_MspInit)
    i.HAL_ADC_Start_DMA                      0x08001170   Section        0  stm32f0xx_hal_adc.o(i.HAL_ADC_Start_DMA)
    i.HAL_ADC_Stop_DMA                       0x08001230   Section        0  stm32f0xx_hal_adc.o(i.HAL_ADC_Stop_DMA)
    i.HAL_DMA_Abort                          0x080012c2   Section        0  stm32f0xx_hal_dma.o(i.HAL_DMA_Abort)
    i.HAL_DMA_IRQHandler                     0x08001314   Section        0  stm32f0xx_hal_dma.o(i.HAL_DMA_IRQHandler)
    i.HAL_DMA_Init                           0x08001404   Section        0  stm32f0xx_hal_dma.o(i.HAL_DMA_Init)
    i.HAL_DMA_Start_IT                       0x08001460   Section        0  stm32f0xx_hal_dma.o(i.HAL_DMA_Start_IT)
    i.HAL_Delay                              0x080014fc   Section        0  stm32f0xx_hal.o(i.HAL_Delay)
    i.HAL_GPIO_EXTI_Callback                 0x08001528   Section        0  main.o(i.HAL_GPIO_EXTI_Callback)
    i.HAL_GPIO_EXTI_IRQHandler               0x0800154c   Section        0  stm32f0xx_hal_gpio.o(i.HAL_GPIO_EXTI_IRQHandler)
    i.HAL_GPIO_Init                          0x0800156c   Section        0  stm32f0xx_hal_gpio.o(i.HAL_GPIO_Init)
    i.HAL_GPIO_ReadPin                       0x08001754   Section        0  stm32f0xx_hal_gpio.o(i.HAL_GPIO_ReadPin)
    i.HAL_GPIO_TogglePin                     0x08001766   Section        0  stm32f0xx_hal_gpio.o(i.HAL_GPIO_TogglePin)
    i.HAL_GPIO_WritePin                      0x0800177a   Section        0  stm32f0xx_hal_gpio.o(i.HAL_GPIO_WritePin)
    i.HAL_GetTick                            0x08001788   Section        0  stm32f0xx_hal.o(i.HAL_GetTick)
    i.HAL_IncTick                            0x08001794   Section        0  stm32f0xx_hal.o(i.HAL_IncTick)
    i.HAL_Init                               0x080017ac   Section        0  stm32f0xx_hal.o(i.HAL_Init)
    i.HAL_InitTick                           0x080017cc   Section        0  stm32f0xx_hal.o(i.HAL_InitTick)
    i.HAL_MspInit                            0x08001820   Section        0  stm32f0xx_hal_msp.o(i.HAL_MspInit)
    i.HAL_NVIC_EnableIRQ                     0x08001860   Section        0  stm32f0xx_hal_cortex.o(i.HAL_NVIC_EnableIRQ)
    i.HAL_NVIC_SetPriority                   0x0800187c   Section        0  stm32f0xx_hal_cortex.o(i.HAL_NVIC_SetPriority)
    i.HAL_RCC_ClockConfig                    0x08001890   Section        0  stm32f0xx_hal_rcc.o(i.HAL_RCC_ClockConfig)
    i.HAL_RCC_GetSysClockFreq                0x080019fc   Section        0  stm32f0xx_hal_rcc.o(i.HAL_RCC_GetSysClockFreq)
    i.HAL_RCC_OscConfig                      0x08001ad0   Section        0  stm32f0xx_hal_rcc.o(i.HAL_RCC_OscConfig)
    i.HAL_SYSTICK_Config                     0x0800205c   Section        0  stm32f0xx_hal_cortex.o(i.HAL_SYSTICK_Config)
    i.HAL_TIMEx_BreakCallback                0x08002094   Section        0  stm32f0xx_hal_tim_ex.o(i.HAL_TIMEx_BreakCallback)
    i.HAL_TIMEx_CommutCallback               0x08002096   Section        0  stm32f0xx_hal_tim_ex.o(i.HAL_TIMEx_CommutCallback)
    i.HAL_TIMEx_MasterConfigSynchronization  0x08002098   Section        0  stm32f0xx_hal_tim_ex.o(i.HAL_TIMEx_MasterConfigSynchronization)
    i.HAL_TIM_Base_Init                      0x08002110   Section        0  stm32f0xx_hal_tim.o(i.HAL_TIM_Base_Init)
    i.HAL_TIM_Base_MspInit                   0x08002174   Section        0  tim.o(i.HAL_TIM_Base_MspInit)
    i.HAL_TIM_Base_Start                     0x08002230   Section        0  stm32f0xx_hal_tim.o(i.HAL_TIM_Base_Start)
    i.HAL_TIM_Base_Start_IT                  0x08002288   Section        0  stm32f0xx_hal_tim.o(i.HAL_TIM_Base_Start_IT)
    i.HAL_TIM_Base_Stop_IT                   0x080022ec   Section        0  stm32f0xx_hal_tim.o(i.HAL_TIM_Base_Stop_IT)
    i.HAL_TIM_ConfigClockSource              0x08002330   Section        0  stm32f0xx_hal_tim.o(i.HAL_TIM_ConfigClockSource)
    i.HAL_TIM_IC_CaptureCallback             0x08002440   Section        0  stm32f0xx_hal_tim.o(i.HAL_TIM_IC_CaptureCallback)
    i.HAL_TIM_IRQHandler                     0x08002442   Section        0  stm32f0xx_hal_tim.o(i.HAL_TIM_IRQHandler)
    i.HAL_TIM_MspPostInit                    0x0800260c   Section        0  tim.o(i.HAL_TIM_MspPostInit)
    i.HAL_TIM_OC_DelayElapsedCallback        0x08002668   Section        0  stm32f0xx_hal_tim.o(i.HAL_TIM_OC_DelayElapsedCallback)
    i.HAL_TIM_PWM_ConfigChannel              0x0800266a   Section        0  stm32f0xx_hal_tim.o(i.HAL_TIM_PWM_ConfigChannel)
    i.HAL_TIM_PWM_Init                       0x08002770   Section        0  stm32f0xx_hal_tim.o(i.HAL_TIM_PWM_Init)
    i.HAL_TIM_PWM_MspInit                    0x080027d4   Section        0  tim.o(i.HAL_TIM_PWM_MspInit)
    i.HAL_TIM_PWM_PulseFinishedCallback      0x08002804   Section        0  stm32f0xx_hal_tim.o(i.HAL_TIM_PWM_PulseFinishedCallback)
    i.HAL_TIM_PeriodElapsedCallback          0x08002808   Section        0  main.o(i.HAL_TIM_PeriodElapsedCallback)
    i.HAL_TIM_TriggerCallback                0x080029e8   Section        0  stm32f0xx_hal_tim.o(i.HAL_TIM_TriggerCallback)
    i.HardFault_Handler                      0x080029ea   Section        0  stm32f0xx_it.o(i.HardFault_Handler)
    i.KeyService                             0x080029f0   Section        0  main.o(i.KeyService)
    i.MX_ADC_Init                            0x08002ba8   Section        0  adc.o(i.MX_ADC_Init)
    i.MX_DMA_Init                            0x08002c48   Section        0  dma.o(i.MX_DMA_Init)
    i.MX_GPIO_Init                           0x08002c7c   Section        0  gpio.o(i.MX_GPIO_Init)
    i.MX_TIM14_Init                          0x08002d50   Section        0  tim.o(i.MX_TIM14_Init)
    i.MX_TIM16_Init                          0x08002d88   Section        0  tim.o(i.MX_TIM16_Init)
    i.MX_TIM1_Init                           0x08002dc4   Section        0  tim.o(i.MX_TIM1_Init)
    i.MX_TIM3_Init                           0x08002e40   Section        0  tim.o(i.MX_TIM3_Init)
    i.NMI_Handler                            0x08002ed8   Section        0  stm32f0xx_it.o(i.NMI_Handler)
    i.PendSV_Handler                         0x08002edc   Section        0  stm32f0xx_it.o(i.PendSV_Handler)
    i.PowerOut                               0x08002ee0   Section        0  main.o(i.PowerOut)
    i.SVC_Handler                            0x08003028   Section        0  stm32f0xx_it.o(i.SVC_Handler)
    i.Set_Value                              0x0800302c   Section        0  main.o(i.Set_Value)
    i.SysTick_Handler                        0x0800316c   Section        0  stm32f0xx_it.o(i.SysTick_Handler)
    i.SystemClock_Config                     0x08003174   Section        0  main.o(i.SystemClock_Config)
    i.SystemInit                             0x080031d8   Section        0  system_stm32f0xx.o(i.SystemInit)
    i.TIM14_IRQHandler                       0x080031dc   Section        0  stm32f0xx_it.o(i.TIM14_IRQHandler)
    i.TIM16_IRQHandler                       0x080031ec   Section        0  stm32f0xx_it.o(i.TIM16_IRQHandler)
    i.TIM1_BRK_UP_TRG_COM_IRQHandler         0x080031fc   Section        0  stm32f0xx_it.o(i.TIM1_BRK_UP_TRG_COM_IRQHandler)
    i.TIM_Base_SetConfig                     0x0800320c   Section        0  stm32f0xx_hal_tim.o(i.TIM_Base_SetConfig)
    i.TIM_ETR_SetConfig                      0x0800329c   Section        0  stm32f0xx_hal_tim.o(i.TIM_ETR_SetConfig)
    i.TIM_ITRx_SetConfig                     0x080032b8   Section        0  stm32f0xx_hal_tim.o(i.TIM_ITRx_SetConfig)
    TIM_ITRx_SetConfig                       0x080032b9   Thumb Code    24  stm32f0xx_hal_tim.o(i.TIM_ITRx_SetConfig)
    i.TIM_OC1_SetConfig                      0x080032d0   Section        0  stm32f0xx_hal_tim.o(i.TIM_OC1_SetConfig)
    TIM_OC1_SetConfig                        0x080032d1   Thumb Code   144  stm32f0xx_hal_tim.o(i.TIM_OC1_SetConfig)
    i.TIM_OC2_SetConfig                      0x0800336c   Section        0  stm32f0xx_hal_tim.o(i.TIM_OC2_SetConfig)
    i.TIM_OC3_SetConfig                      0x0800341c   Section        0  stm32f0xx_hal_tim.o(i.TIM_OC3_SetConfig)
    TIM_OC3_SetConfig                        0x0800341d   Thumb Code   158  stm32f0xx_hal_tim.o(i.TIM_OC3_SetConfig)
    i.TIM_OC4_SetConfig                      0x080034c8   Section        0  stm32f0xx_hal_tim.o(i.TIM_OC4_SetConfig)
    TIM_OC4_SetConfig                        0x080034c9   Thumb Code   106  stm32f0xx_hal_tim.o(i.TIM_OC4_SetConfig)
    i.TIM_TI1_ConfigInputStage               0x08003540   Section        0  stm32f0xx_hal_tim.o(i.TIM_TI1_ConfigInputStage)
    TIM_TI1_ConfigInputStage                 0x08003541   Thumb Code    50  stm32f0xx_hal_tim.o(i.TIM_TI1_ConfigInputStage)
    i.TIM_TI2_ConfigInputStage               0x08003572   Section        0  stm32f0xx_hal_tim.o(i.TIM_TI2_ConfigInputStage)
    TIM_TI2_ConfigInputStage                 0x08003573   Thumb Code    50  stm32f0xx_hal_tim.o(i.TIM_TI2_ConfigInputStage)
    i.TimerInit                              0x080035a4   Section        0  main.o(i.TimerInit)
    i.UserInit                               0x080035bc   Section        0  main.o(i.UserInit)
    i.__ARM_common_ll_muluu                  0x08003888   Section        0  stm32f0xx_hal_rcc.o(i.__ARM_common_ll_muluu)
    i.__NVIC_SetPriority                     0x080038b8   Section        0  stm32f0xx_hal_cortex.o(i.__NVIC_SetPriority)
    __NVIC_SetPriority                       0x080038b9   Thumb Code   110  stm32f0xx_hal_cortex.o(i.__NVIC_SetPriority)
    i.main                                   0x08003930   Section        0  main.o(i.main)
    x$fpl$fmul                               0x0800398c   Section      176  fmul.o(x$fpl$fmul)
    .constdata                               0x08003a3c   Section        4  main.o(.constdata)
    x$fpl$usenofp                            0x08003a3c   Section        0  usenofp.o(x$fpl$usenofp)
    S_Value_Centerline_Set_Min               0x08003a3c   Data           2  main.o(.constdata)
    S_Value_Centerline_Set_Max               0x08003a3e   Data           2  main.o(.constdata)
    .constdata                               0x08003a40   Section       24  system_stm32f0xx.o(.constdata)
    .constdata                               0x08003a58   Section       64  fdiv.o(.constdata)
    fdiv_tab                                 0x08003a58   Data          64  fdiv.o(.constdata)
    .data                                    0x20000000   Section       70  main.o(.data)
    .data                                    0x20000048   Section        9  stm32f0xx_hal.o(.data)
    .data                                    0x20000054   Section        4  system_stm32f0xx.o(.data)
    .bss                                     0x20000058   Section     5024  main.o(.bss)
    .bss                                     0x200013f8   Section      132  adc.o(.bss)
    .bss                                     0x2000147c   Section      288  tim.o(.bss)
    .bss                                     0x2000159c   Section       96  libspace.o(.bss)
    HEAP                                     0x20001600   Section      512  startup_stm32f030x6.o(HEAP)
    Heap_Mem                                 0x20001600   Data         512  startup_stm32f030x6.o(HEAP)
    STACK                                    0x20001800   Section     1024  startup_stm32f030x6.o(STACK)
    Stack_Mem                                0x20001800   Data        1024  startup_stm32f030x6.o(STACK)
    __initial_sp                             0x20001c00   Data           0  startup_stm32f030x6.o(STACK)

    Global Symbols

    Symbol Name                              Value     Ov Type        Size  Object(Section)

    BuildAttributes$$THM_ISAv3M$S$PE$A:L22$X:L11$S22$IEEE1$IW$USESV6$~STKCKD$USESV7$~SHL$OSPACE$ROPI$EBA8$UX$STANDARDLIB$REQ8$PRES8$EABIv2 0x00000000   Number         0  anon$$obj.o ABSOLUTE
    __ARM_use_no_argv                        0x00000000   Number         0  main.o ABSOLUTE
    __ARM_exceptions_init                     - Undefined Weak Reference
    __alloca_initialize                       - Undefined Weak Reference
    __arm_preinit_                            - Undefined Weak Reference
    __cpp_initialize__aeabi_                  - Undefined Weak Reference
    __cxa_finalize                            - Undefined Weak Reference
    __rt_locale                               - Undefined Weak Reference
    __sigvec_lookup                           - Undefined Weak Reference
    _atexit_init                              - Undefined Weak Reference
    _call_atexit_fns                          - Undefined Weak Reference
    _clock_init                               - Undefined Weak Reference
    _fp_trap_init                             - Undefined Weak Reference
    _fp_trap_shutdown                         - Undefined Weak Reference
    _get_lc_collate                           - Undefined Weak Reference
    _get_lc_ctype                             - Undefined Weak Reference
    _get_lc_monetary                          - Undefined Weak Reference
    _get_lc_numeric                           - Undefined Weak Reference
    _get_lc_time                              - Undefined Weak Reference
    _getenv_init                              - Undefined Weak Reference
    _handle_redirection                       - Undefined Weak Reference
    _init_alloc                               - Undefined Weak Reference
    _init_user_alloc                          - Undefined Weak Reference
    _initio                                   - Undefined Weak Reference
    _rand_init                                - Undefined Weak Reference
    _signal_finish                            - Undefined Weak Reference
    _signal_init                              - Undefined Weak Reference
    _terminate_alloc                          - Undefined Weak Reference
    _terminate_user_alloc                     - Undefined Weak Reference
    _terminateio                              - Undefined Weak Reference
    __Vectors_Size                           0x000000b0   Number         0  startup_stm32f030x6.o ABSOLUTE
    __Vectors                                0x08000000   Data           4  startup_stm32f030x6.o(RESET)
    __Vectors_End                            0x080000b0   Data           0  startup_stm32f030x6.o(RESET)
    __main                                   0x080000b1   Thumb Code     8  __main.o(!!!main)
    __scatterload                            0x080000b9   Thumb Code     0  __scatter.o(!!!scatter)
    __scatterload_rt2                        0x080000b9   Thumb Code    52  __scatter.o(!!!scatter)
    __scatterload_rt2_thumb_only             0x080000b9   Thumb Code     0  __scatter.o(!!!scatter)
    __scatterload_null                       0x080000c9   Thumb Code     0  __scatter.o(!!!scatter)
    __scatterload_copy                       0x080000f5   Thumb Code    26  __scatter_copy.o(!!handler_copy)
    __scatterload_zeroinit                   0x08000111   Thumb Code    28  __scatter_zi.o(!!handler_zi)
    __rt_lib_init                            0x0800012d   Thumb Code     0  libinit.o(.ARM.Collect$$libinit$$00000000)
    __rt_lib_init_alloca_1                   0x0800012f   Thumb Code     0  libinit2.o(.ARM.Collect$$libinit$$0000002E)
    __rt_lib_init_argv_1                     0x0800012f   Thumb Code     0  libinit2.o(.ARM.Collect$$libinit$$0000002C)
    __rt_lib_init_atexit_1                   0x0800012f   Thumb Code     0  libinit2.o(.ARM.Collect$$libinit$$0000001B)
    __rt_lib_init_clock_1                    0x0800012f   Thumb Code     0  libinit2.o(.ARM.Collect$$libinit$$00000021)
    __rt_lib_init_cpp_1                      0x0800012f   Thumb Code     0  libinit2.o(.ARM.Collect$$libinit$$00000032)
    __rt_lib_init_exceptions_1               0x0800012f   Thumb Code     0  libinit2.o(.ARM.Collect$$libinit$$00000030)
    __rt_lib_init_fp_1                       0x0800012f   Thumb Code     0  libinit2.o(.ARM.Collect$$libinit$$00000002)
    __rt_lib_init_fp_trap_1                  0x0800012f   Thumb Code     0  libinit2.o(.ARM.Collect$$libinit$$0000001F)
    __rt_lib_init_getenv_1                   0x0800012f   Thumb Code     0  libinit2.o(.ARM.Collect$$libinit$$00000023)
    __rt_lib_init_heap_1                     0x0800012f   Thumb Code     0  libinit2.o(.ARM.Collect$$libinit$$0000000A)
    __rt_lib_init_lc_collate_1               0x0800012f   Thumb Code     0  libinit2.o(.ARM.Collect$$libinit$$00000011)
    __rt_lib_init_lc_ctype_1                 0x0800012f   Thumb Code     0  libinit2.o(.ARM.Collect$$libinit$$00000013)
    __rt_lib_init_lc_monetary_1              0x0800012f   Thumb Code     0  libinit2.o(.ARM.Collect$$libinit$$00000015)
    __rt_lib_init_lc_numeric_1               0x0800012f   Thumb Code     0  libinit2.o(.ARM.Collect$$libinit$$00000017)
    __rt_lib_init_lc_time_1                  0x0800012f   Thumb Code     0  libinit2.o(.ARM.Collect$$libinit$$00000019)
    __rt_lib_init_preinit_1                  0x0800012f   Thumb Code     0  libinit2.o(.ARM.Collect$$libinit$$00000004)
    __rt_lib_init_rand_1                     0x0800012f   Thumb Code     0  libinit2.o(.ARM.Collect$$libinit$$0000000E)
    __rt_lib_init_return                     0x0800012f   Thumb Code     0  libinit2.o(.ARM.Collect$$libinit$$00000033)
    __rt_lib_init_signal_1                   0x0800012f   Thumb Code     0  libinit2.o(.ARM.Collect$$libinit$$0000001D)
    __rt_lib_init_stdio_1                    0x0800012f   Thumb Code     0  libinit2.o(.ARM.Collect$$libinit$$00000025)
    __rt_lib_init_user_alloc_1               0x0800012f   Thumb Code     0  libinit2.o(.ARM.Collect$$libinit$$0000000C)
    __rt_lib_shutdown                        0x08000131   Thumb Code     0  libshutdown.o(.ARM.Collect$$libshutdown$$00000000)
    __rt_lib_shutdown_cpp_1                  0x08000133   Thumb Code     0  libshutdown2.o(.ARM.Collect$$libshutdown$$00000002)
    __rt_lib_shutdown_fp_trap_1              0x08000133   Thumb Code     0  libshutdown2.o(.ARM.Collect$$libshutdown$$00000007)
    __rt_lib_shutdown_heap_1                 0x08000133   Thumb Code     0  libshutdown2.o(.ARM.Collect$$libshutdown$$0000000F)
    __rt_lib_shutdown_return                 0x08000133   Thumb Code     0  libshutdown2.o(.ARM.Collect$$libshutdown$$00000010)
    __rt_lib_shutdown_signal_1               0x08000133   Thumb Code     0  libshutdown2.o(.ARM.Collect$$libshutdown$$0000000A)
    __rt_lib_shutdown_stdio_1                0x08000133   Thumb Code     0  libshutdown2.o(.ARM.Collect$$libshutdown$$00000004)
    __rt_lib_shutdown_user_alloc_1           0x08000133   Thumb Code     0  libshutdown2.o(.ARM.Collect$$libshutdown$$0000000C)
    __rt_entry                               0x08000135   Thumb Code     0  __rtentry.o(.ARM.Collect$$rtentry$$00000000)
    __rt_entry_presh_1                       0x08000135   Thumb Code     0  __rtentry2.o(.ARM.Collect$$rtentry$$00000002)
    __rt_entry_sh                            0x08000135   Thumb Code     0  __rtentry4.o(.ARM.Collect$$rtentry$$00000004)
    __rt_entry_li                            0x0800013b   Thumb Code     0  __rtentry2.o(.ARM.Collect$$rtentry$$0000000A)
    __rt_entry_postsh_1                      0x0800013b   Thumb Code     0  __rtentry2.o(.ARM.Collect$$rtentry$$00000009)
    __rt_entry_main                          0x0800013f   Thumb Code     0  __rtentry2.o(.ARM.Collect$$rtentry$$0000000D)
    __rt_entry_postli_1                      0x0800013f   Thumb Code     0  __rtentry2.o(.ARM.Collect$$rtentry$$0000000C)
    __rt_exit                                0x08000147   Thumb Code     0  rtexit.o(.ARM.Collect$$rtexit$$00000000)
    __rt_exit_ls                             0x08000149   Thumb Code     0  rtexit2.o(.ARM.Collect$$rtexit$$00000003)
    __rt_exit_prels_1                        0x08000149   Thumb Code     0  rtexit2.o(.ARM.Collect$$rtexit$$00000002)
    __rt_exit_exit                           0x0800014d   Thumb Code     0  rtexit2.o(.ARM.Collect$$rtexit$$00000004)
    __aeabi_memcpy4                          0x08000155   Thumb Code    56  rt_memcpy.o(.emb_text)
    __aeabi_memcpy8                          0x08000155   Thumb Code     0  rt_memcpy.o(.emb_text)
    Reset_Handler                            0x0800018d   Thumb Code     8  startup_stm32f030x6.o(.text)
    DMA1_Channel2_3_IRQHandler               0x0800019f   Thumb Code     0  startup_stm32f030x6.o(.text)
    DMA1_Channel4_5_IRQHandler               0x0800019f   Thumb Code     0  startup_stm32f030x6.o(.text)
    EXTI0_1_IRQHandler                       0x0800019f   Thumb Code     0  startup_stm32f030x6.o(.text)
    FLASH_IRQHandler                         0x0800019f   Thumb Code     0  startup_stm32f030x6.o(.text)
    I2C1_IRQHandler                          0x0800019f   Thumb Code     0  startup_stm32f030x6.o(.text)
    RCC_IRQHandler                           0x0800019f   Thumb Code     0  startup_stm32f030x6.o(.text)
    RTC_IRQHandler                           0x0800019f   Thumb Code     0  startup_stm32f030x6.o(.text)
    SPI1_IRQHandler                          0x0800019f   Thumb Code     0  startup_stm32f030x6.o(.text)
    TIM17_IRQHandler                         0x0800019f   Thumb Code     0  startup_stm32f030x6.o(.text)
    TIM1_CC_IRQHandler                       0x0800019f   Thumb Code     0  startup_stm32f030x6.o(.text)
    TIM3_IRQHandler                          0x0800019f   Thumb Code     0  startup_stm32f030x6.o(.text)
    USART1_IRQHandler                        0x0800019f   Thumb Code     0  startup_stm32f030x6.o(.text)
    WWDG_IRQHandler                          0x0800019f   Thumb Code     0  startup_stm32f030x6.o(.text)
    __user_initial_stackheap                 0x080001a1   Thumb Code     0  startup_stm32f030x6.o(.text)
    __aeabi_uldivmod                         0x080001c5   Thumb Code   258  lludiv.o(.text)
    _ll_udiv                                 0x080001c5   Thumb Code     0  lludiv.o(.text)
    _memset_w                                0x080002c7   Thumb Code    26  rt_memclr.o(.text)
    _memset                                  0x080002e1   Thumb Code    30  rt_memclr.o(.text)
    __aeabi_memclr                           0x080002ff   Thumb Code     4  rt_memclr.o(.text)
    __rt_memclr                              0x080002ff   Thumb Code     0  rt_memclr.o(.text)
    __aeabi_memclr4                          0x08000303   Thumb Code     0  rt_memclr.o(.text)
    __aeabi_memclr8                          0x08000303   Thumb Code     0  rt_memclr.o(.text)
    __rt_memclr_w                            0x08000303   Thumb Code     4  rt_memclr.o(.text)
    __aeabi_uidiv                            0x08000307   Thumb Code     0  aeabi_sdiv.o(.text)
    __aeabi_uidivmod                         0x08000307   Thumb Code    20  aeabi_sdiv.o(.text)
    __aeabi_idiv                             0x0800031b   Thumb Code     0  aeabi_sdiv.o(.text)
    __aeabi_idivmod                          0x0800031b   Thumb Code   326  aeabi_sdiv.o(.text)
    __use_two_region_memory                  0x08000461   Thumb Code     2  heapauxi.o(.text)
    __rt_heap_escrow$2region                 0x08000463   Thumb Code     2  heapauxi.o(.text)
    __rt_heap_expand$2region                 0x08000465   Thumb Code     2  heapauxi.o(.text)
    __aeabi_fdiv                             0x08000469   Thumb Code     0  fdiv.o(.text)
    _fdiv                                    0x08000469   Thumb Code   334  fdiv.o(.text)
    _frdiv                                   0x080005b7   Thumb Code     8  fdiv.o(.text)
    __aeabi_f2uiz                            0x080005c9   Thumb Code     0  ffixui.o(.text)
    _ffixu                                   0x080005c9   Thumb Code    48  ffixui.o(.text)
    __aeabi_i2f_normalise                    0x080005f9   Thumb Code    72  fflti.o(.text)
    __aeabi_i2f                              0x08000641   Thumb Code    16  fflti.o(.text)
    _fflt                                    0x08000641   Thumb Code     0  fflti.o(.text)
    __aeabi_ui2f                             0x08000651   Thumb Code     6  fflti.o(.text)
    _ffltu                                   0x08000651   Thumb Code     0  fflti.o(.text)
    __user_setup_stackheap                   0x08000657   Thumb Code    62  sys_stackheap_outer.o(.text)
    exit                                     0x08000695   Thumb Code    16  exit.o(.text)
    __user_libspace                          0x080006a5   Thumb Code     8  libspace.o(.text)
    __user_perproc_libspace                  0x080006a5   Thumb Code     0  libspace.o(.text)
    __user_perthread_libspace                0x080006a5   Thumb Code     0  libspace.o(.text)
    _sys_exit                                0x080006ad   Thumb Code     8  sys_exit.o(.text)
    __I$use$semihosting                      0x080006b9   Thumb Code     0  use_no_semi.o(.text)
    __use_no_semihosting_swi                 0x080006b9   Thumb Code     2  use_no_semi.o(.text)
    __semihosting_library_function           0x080006bb   Thumb Code     0  indicate_semi.o(.text)
    ADC1_IRQHandler                          0x080006bd   Thumb Code    10  stm32f0xx_it.o(i.ADC1_IRQHandler)
    DMA1_Channel1_IRQHandler                 0x08000969   Thumb Code    10  stm32f0xx_it.o(i.DMA1_Channel1_IRQHandler)
    EXTI2_3_IRQHandler                       0x080009c3   Thumb Code    10  stm32f0xx_it.o(i.EXTI2_3_IRQHandler)
    EXTI4_15_IRQHandler                      0x080009cd   Thumb Code    10  stm32f0xx_it.o(i.EXTI4_15_IRQHandler)
    Error_Handler                            0x080009d7   Thumb Code     6  main.o(i.Error_Handler)
    GetValueLen                              0x080009dd   Thumb Code   478  main.o(i.GetValueLen)
    HAL_ADC_ConfigChannel                    0x08000bf1   Thumb Code   374  stm32f0xx_hal_adc.o(i.HAL_ADC_ConfigChannel)
    HAL_ADC_ConvCpltCallback                 0x08000d79   Thumb Code    18  main.o(i.HAL_ADC_ConvCpltCallback)
    HAL_ADC_ConvHalfCpltCallback             0x08000d95   Thumb Code     2  stm32f0xx_hal_adc.o(i.HAL_ADC_ConvHalfCpltCallback)
    HAL_ADC_ErrorCallback                    0x08000d97   Thumb Code     2  stm32f0xx_hal_adc.o(i.HAL_ADC_ErrorCallback)
    HAL_ADC_IRQHandler                       0x08000d99   Thumb Code   278  stm32f0xx_hal_adc.o(i.HAL_ADC_IRQHandler)
    HAL_ADC_Init                             0x08000eb1   Thumb Code   442  stm32f0xx_hal_adc.o(i.HAL_ADC_Init)
    HAL_ADC_LevelOutOfWindowCallback         0x08001075   Thumb Code     2  stm32f0xx_hal_adc.o(i.HAL_ADC_LevelOutOfWindowCallback)
    HAL_ADC_MspInit                          0x08001079   Thumb Code   226  adc.o(i.HAL_ADC_MspInit)
    HAL_ADC_Start_DMA                        0x08001171   Thumb Code   176  stm32f0xx_hal_adc.o(i.HAL_ADC_Start_DMA)
    HAL_ADC_Stop_DMA                         0x08001231   Thumb Code   146  stm32f0xx_hal_adc.o(i.HAL_ADC_Stop_DMA)
    HAL_DMA_Abort                            0x080012c3   Thumb Code    82  stm32f0xx_hal_dma.o(i.HAL_DMA_Abort)
    HAL_DMA_IRQHandler                       0x08001315   Thumb Code   240  stm32f0xx_hal_dma.o(i.HAL_DMA_IRQHandler)
    HAL_DMA_Init                             0x08001405   Thumb Code    86  stm32f0xx_hal_dma.o(i.HAL_DMA_Init)
    HAL_DMA_Start_IT                         0x08001461   Thumb Code   154  stm32f0xx_hal_dma.o(i.HAL_DMA_Start_IT)
    HAL_Delay                                0x080014fd   Thumb Code    38  stm32f0xx_hal.o(i.HAL_Delay)
    HAL_GPIO_EXTI_Callback                   0x08001529   Thumb Code    32  main.o(i.HAL_GPIO_EXTI_Callback)
    HAL_GPIO_EXTI_IRQHandler                 0x0800154d   Thumb Code    26  stm32f0xx_hal_gpio.o(i.HAL_GPIO_EXTI_IRQHandler)
    HAL_GPIO_Init                            0x0800156d   Thumb Code   464  stm32f0xx_hal_gpio.o(i.HAL_GPIO_Init)
    HAL_GPIO_ReadPin                         0x08001755   Thumb Code    18  stm32f0xx_hal_gpio.o(i.HAL_GPIO_ReadPin)
    HAL_GPIO_TogglePin                       0x08001767   Thumb Code    20  stm32f0xx_hal_gpio.o(i.HAL_GPIO_TogglePin)
    HAL_GPIO_WritePin                        0x0800177b   Thumb Code    12  stm32f0xx_hal_gpio.o(i.HAL_GPIO_WritePin)
    HAL_GetTick                              0x08001789   Thumb Code     6  stm32f0xx_hal.o(i.HAL_GetTick)
    HAL_IncTick                              0x08001795   Thumb Code    16  stm32f0xx_hal.o(i.HAL_IncTick)
    HAL_Init                                 0x080017ad   Thumb Code    28  stm32f0xx_hal.o(i.HAL_Init)
    HAL_InitTick                             0x080017cd   Thumb Code    70  stm32f0xx_hal.o(i.HAL_InitTick)
    HAL_MspInit                              0x08001821   Thumb Code    60  stm32f0xx_hal_msp.o(i.HAL_MspInit)
    HAL_NVIC_EnableIRQ                       0x08001861   Thumb Code    22  stm32f0xx_hal_cortex.o(i.HAL_NVIC_EnableIRQ)
    HAL_NVIC_SetPriority                     0x0800187d   Thumb Code    18  stm32f0xx_hal_cortex.o(i.HAL_NVIC_SetPriority)
    HAL_RCC_ClockConfig                      0x08001891   Thumb Code   342  stm32f0xx_hal_rcc.o(i.HAL_RCC_ClockConfig)
    HAL_RCC_GetSysClockFreq                  0x080019fd   Thumb Code   162  stm32f0xx_hal_rcc.o(i.HAL_RCC_GetSysClockFreq)
    HAL_RCC_OscConfig                        0x08001ad1   Thumb Code  1416  stm32f0xx_hal_rcc.o(i.HAL_RCC_OscConfig)
    HAL_SYSTICK_Config                       0x0800205d   Thumb Code    46  stm32f0xx_hal_cortex.o(i.HAL_SYSTICK_Config)
    HAL_TIMEx_BreakCallback                  0x08002095   Thumb Code     2  stm32f0xx_hal_tim_ex.o(i.HAL_TIMEx_BreakCallback)
    HAL_TIMEx_CommutCallback                 0x08002097   Thumb Code     2  stm32f0xx_hal_tim_ex.o(i.HAL_TIMEx_CommutCallback)
    HAL_TIMEx_MasterConfigSynchronization    0x08002099   Thumb Code   110  stm32f0xx_hal_tim_ex.o(i.HAL_TIMEx_MasterConfigSynchronization)
    HAL_TIM_Base_Init                        0x08002111   Thumb Code   100  stm32f0xx_hal_tim.o(i.HAL_TIM_Base_Init)
    HAL_TIM_Base_MspInit                     0x08002175   Thumb Code   170  tim.o(i.HAL_TIM_Base_MspInit)
    HAL_TIM_Base_Start                       0x08002231   Thumb Code    78  stm32f0xx_hal_tim.o(i.HAL_TIM_Base_Start)
    HAL_TIM_Base_Start_IT                    0x08002289   Thumb Code    90  stm32f0xx_hal_tim.o(i.HAL_TIM_Base_Start_IT)
    HAL_TIM_Base_Stop_IT                     0x080022ed   Thumb Code    64  stm32f0xx_hal_tim.o(i.HAL_TIM_Base_Stop_IT)
    HAL_TIM_ConfigClockSource                0x08002331   Thumb Code   272  stm32f0xx_hal_tim.o(i.HAL_TIM_ConfigClockSource)
    HAL_TIM_IC_CaptureCallback               0x08002441   Thumb Code     2  stm32f0xx_hal_tim.o(i.HAL_TIM_IC_CaptureCallback)
    HAL_TIM_IRQHandler                       0x08002443   Thumb Code   456  stm32f0xx_hal_tim.o(i.HAL_TIM_IRQHandler)
    HAL_TIM_MspPostInit                      0x0800260d   Thumb Code    84  tim.o(i.HAL_TIM_MspPostInit)
    HAL_TIM_OC_DelayElapsedCallback          0x08002669   Thumb Code     2  stm32f0xx_hal_tim.o(i.HAL_TIM_OC_DelayElapsedCallback)
    HAL_TIM_PWM_ConfigChannel                0x0800266b   Thumb Code   262  stm32f0xx_hal_tim.o(i.HAL_TIM_PWM_ConfigChannel)
    HAL_TIM_PWM_Init                         0x08002771   Thumb Code   100  stm32f0xx_hal_tim.o(i.HAL_TIM_PWM_Init)
    HAL_TIM_PWM_MspInit                      0x080027d5   Thumb Code    40  tim.o(i.HAL_TIM_PWM_MspInit)
    HAL_TIM_PWM_PulseFinishedCallback        0x08002805   Thumb Code     2  stm32f0xx_hal_tim.o(i.HAL_TIM_PWM_PulseFinishedCallback)
    HAL_TIM_PeriodElapsedCallback            0x08002809   Thumb Code   430  main.o(i.HAL_TIM_PeriodElapsedCallback)
    HAL_TIM_TriggerCallback                  0x080029e9   Thumb Code     2  stm32f0xx_hal_tim.o(i.HAL_TIM_TriggerCallback)
    HardFault_Handler                        0x080029eb   Thumb Code     4  stm32f0xx_it.o(i.HardFault_Handler)
    KeyService                               0x080029f1   Thumb Code   396  main.o(i.KeyService)
    MX_ADC_Init                              0x08002ba9   Thumb Code   150  adc.o(i.MX_ADC_Init)
    MX_DMA_Init                              0x08002c49   Thumb Code    48  dma.o(i.MX_DMA_Init)
    MX_GPIO_Init                             0x08002c7d   Thumb Code   200  gpio.o(i.MX_GPIO_Init)
    MX_TIM14_Init                            0x08002d51   Thumb Code    44  tim.o(i.MX_TIM14_Init)
    MX_TIM16_Init                            0x08002d89   Thumb Code    46  tim.o(i.MX_TIM16_Init)
    MX_TIM1_Init                             0x08002dc5   Thumb Code   110  tim.o(i.MX_TIM1_Init)
    MX_TIM3_Init                             0x08002e41   Thumb Code   138  tim.o(i.MX_TIM3_Init)
    NMI_Handler                              0x08002ed9   Thumb Code     4  stm32f0xx_it.o(i.NMI_Handler)
    PendSV_Handler                           0x08002edd   Thumb Code     2  stm32f0xx_it.o(i.PendSV_Handler)
    PowerOut                                 0x08002ee1   Thumb Code   294  main.o(i.PowerOut)
    SVC_Handler                              0x08003029   Thumb Code     2  stm32f0xx_it.o(i.SVC_Handler)
    Set_Value                                0x0800302d   Thumb Code   266  main.o(i.Set_Value)
    SysTick_Handler                          0x0800316d   Thumb Code     8  stm32f0xx_it.o(i.SysTick_Handler)
    SystemClock_Config                       0x08003175   Thumb Code   100  main.o(i.SystemClock_Config)
    SystemInit                               0x080031d9   Thumb Code     2  system_stm32f0xx.o(i.SystemInit)
    TIM14_IRQHandler                         0x080031dd   Thumb Code    10  stm32f0xx_it.o(i.TIM14_IRQHandler)
    TIM16_IRQHandler                         0x080031ed   Thumb Code    10  stm32f0xx_it.o(i.TIM16_IRQHandler)
    TIM1_BRK_UP_TRG_COM_IRQHandler           0x080031fd   Thumb Code    10  stm32f0xx_it.o(i.TIM1_BRK_UP_TRG_COM_IRQHandler)
    TIM_Base_SetConfig                       0x0800320d   Thumb Code   122  stm32f0xx_hal_tim.o(i.TIM_Base_SetConfig)
    TIM_ETR_SetConfig                        0x0800329d   Thumb Code    28  stm32f0xx_hal_tim.o(i.TIM_ETR_SetConfig)
    TIM_OC2_SetConfig                        0x0800336d   Thumb Code   162  stm32f0xx_hal_tim.o(i.TIM_OC2_SetConfig)
    TimerInit                                0x080035a5   Thumb Code    24  main.o(i.TimerInit)
    UserInit                                 0x080035bd   Thumb Code   674  main.o(i.UserInit)
    __ARM_common_ll_muluu                    0x08003889   Thumb Code    48  stm32f0xx_hal_rcc.o(i.__ARM_common_ll_muluu)
    main                                     0x08003931   Thumb Code    90  main.o(i.main)
    __aeabi_fmul                             0x0800398d   Thumb Code     0  fmul.o(x$fpl$fmul)
    _fmul                                    0x0800398d   Thumb Code   172  fmul.o(x$fpl$fmul)
    __I$use$fp                               0x08003a3c   Number         0  usenofp.o(x$fpl$usenofp)
    AHBPrescTable                            0x08003a40   Data          16  system_stm32f0xx.o(.constdata)
    APBPrescTable                            0x08003a50   Data           8  system_stm32f0xx.o(.constdata)
    Region$$Table$$Base                      0x08003a98   Number         0  anon$$obj.o(Region$$Table)
    Region$$Table$$Limit                     0x08003ab8   Number         0  anon$$obj.o(Region$$Table)
    ADC_Flag                                 0x20000000   Data           1  main.o(.data)
    S_Value_Centerline                       0x20000001   Data           2  main.o(.data)
    S_Value_Top                              0x20000003   Data           2  main.o(.data)
    S_Value_Set_Cycle_Tick                   0x20000006   Data           2  main.o(.data)
    S_Value_Pos                              0x20000008   Data           4  main.o(.data)
    S_Value_Len                              0x2000000c   Data           2  main.o(.data)
    Sig2Speed                                0x20000010   Data           8  main.o(.data)
    Sig2Led                                  0x20000018   Data           4  main.o(.data)
    Led_ARR                                  0x2000001c   Data           4  main.o(.data)
    Led_CNT                                  0x20000020   Data           4  main.o(.data)
    Led_CCR                                  0x20000024   Data           4  main.o(.data)
    Value_Status                             0x20000028   Data           1  main.o(.data)
    Key_status                               0x20000029   Data           2  main.o(.data)
    Key_state                                0x2000002b   Data           2  main.o(.data)
    Key_Down_Tick                            0x2000002e   Data           4  main.o(.data)
    Key_Up_Tick                              0x20000032   Data           4  main.o(.data)
    Centerline_Set                           0x20000036   Data           1  main.o(.data)
    Value_Set_Channel                        0x20000037   Data           1  main.o(.data)
    Value_Set_Status                         0x20000038   Data           1  main.o(.data)
    Value_Set_Tem                            0x2000003a   Data           2  main.o(.data)
    Value_Set_Flag                           0x2000003c   Data           1  main.o(.data)
    Sig2SpeedLevel                           0x2000003e   Data           4  main.o(.data)
    PWR_Flag                                 0x20000042   Data           1  main.o(.data)
    PWR_Value                                0x20000044   Data           2  main.o(.data)
    uwTick                                   0x20000048   Data           4  stm32f0xx_hal.o(.data)
    uwTickPrio                               0x2000004c   Data           4  stm32f0xx_hal.o(.data)
    uwTickFreq                               0x20000050   Data           1  stm32f0xx_hal.o(.data)
    SystemCoreClock                          0x20000054   Data           4  system_stm32f0xx.o(.data)
    ADC_Buff                                 0x20000058   Data        4000  main.o(.bss)
    S_Value                                  0x20000ff8   Data        1024  main.o(.bss)
    hadc                                     0x200013f8   Data          64  adc.o(.bss)
    hdma_adc                                 0x20001438   Data          68  adc.o(.bss)
    htim1                                    0x2000147c   Data          72  tim.o(.bss)
    htim3                                    0x200014c4   Data          72  tim.o(.bss)
    htim14                                   0x2000150c   Data          72  tim.o(.bss)
    htim16                                   0x20001554   Data          72  tim.o(.bss)
    __libspace_start                         0x2000159c   Data          96  libspace.o(.bss)
    __temporary_stack_top$libspace           0x200015fc   Data           0  libspace.o(.bss)



==============================================================================

Memory Map of the image

  Image Entry point : 0x080000b1

  Load Region LR_IROM1 (Base: 0x08000000, Size: 0x00003b10, Max: 0x00008000, ABSOLUTE)

    Execution Region ER_IROM1 (Exec base: 0x08000000, Load base: 0x08000000, Size: 0x00003ab8, Max: 0x00008000, ABSOLUTE)

    Exec Addr    Load Addr    Size         Type   Attr      Idx    E Section Name        Object

    0x08000000   0x08000000   0x000000b0   Data   RO            3    RESET               startup_stm32f030x6.o
    0x080000b0   0x080000b0   0x00000008   Code   RO         3191  * !!!main             c_p.l(__main.o)
    0x080000b8   0x080000b8   0x0000003c   Code   RO         3374    !!!scatter          c_p.l(__scatter.o)
    0x080000f4   0x080000f4   0x0000001a   Code   RO         3376    !!handler_copy      c_p.l(__scatter_copy.o)
    0x0800010e   0x0800010e   0x00000002   PAD
    0x08000110   0x08000110   0x0000001c   Code   RO         3378    !!handler_zi        c_p.l(__scatter_zi.o)
    0x0800012c   0x0800012c   0x00000002   Code   RO         3243    .ARM.Collect$$libinit$$00000000  c_p.l(libinit.o)
    0x0800012e   0x0800012e   0x00000000   Code   RO         3257    .ARM.Collect$$libinit$$00000002  c_p.l(libinit2.o)
    0x0800012e   0x0800012e   0x00000000   Code   RO         3259    .ARM.Collect$$libinit$$00000004  c_p.l(libinit2.o)
    0x0800012e   0x0800012e   0x00000000   Code   RO         3262    .ARM.Collect$$libinit$$0000000A  c_p.l(libinit2.o)
    0x0800012e   0x0800012e   0x00000000   Code   RO         3264    .ARM.Collect$$libinit$$0000000C  c_p.l(libinit2.o)
    0x0800012e   0x0800012e   0x00000000   Code   RO         3266    .ARM.Collect$$libinit$$0000000E  c_p.l(libinit2.o)
    0x0800012e   0x0800012e   0x00000000   Code   RO         3269    .ARM.Collect$$libinit$$00000011  c_p.l(libinit2.o)
    0x0800012e   0x0800012e   0x00000000   Code   RO         3271    .ARM.Collect$$libinit$$00000013  c_p.l(libinit2.o)
    0x0800012e   0x0800012e   0x00000000   Code   RO         3273    .ARM.Collect$$libinit$$00000015  c_p.l(libinit2.o)
    0x0800012e   0x0800012e   0x00000000   Code   RO         3275    .ARM.Collect$$libinit$$00000017  c_p.l(libinit2.o)
    0x0800012e   0x0800012e   0x00000000   Code   RO         3277    .ARM.Collect$$libinit$$00000019  c_p.l(libinit2.o)
    0x0800012e   0x0800012e   0x00000000   Code   RO         3279    .ARM.Collect$$libinit$$0000001B  c_p.l(libinit2.o)
    0x0800012e   0x0800012e   0x00000000   Code   RO         3281    .ARM.Collect$$libinit$$0000001D  c_p.l(libinit2.o)
    0x0800012e   0x0800012e   0x00000000   Code   RO         3283    .ARM.Collect$$libinit$$0000001F  c_p.l(libinit2.o)
    0x0800012e   0x0800012e   0x00000000   Code   RO         3285    .ARM.Collect$$libinit$$00000021  c_p.l(libinit2.o)
    0x0800012e   0x0800012e   0x00000000   Code   RO         3287    .ARM.Collect$$libinit$$00000023  c_p.l(libinit2.o)
    0x0800012e   0x0800012e   0x00000000   Code   RO         3289    .ARM.Collect$$libinit$$00000025  c_p.l(libinit2.o)
    0x0800012e   0x0800012e   0x00000000   Code   RO         3293    .ARM.Collect$$libinit$$0000002C  c_p.l(libinit2.o)
    0x0800012e   0x0800012e   0x00000000   Code   RO         3295    .ARM.Collect$$libinit$$0000002E  c_p.l(libinit2.o)
    0x0800012e   0x0800012e   0x00000000   Code   RO         3297    .ARM.Collect$$libinit$$00000030  c_p.l(libinit2.o)
    0x0800012e   0x0800012e   0x00000000   Code   RO         3299    .ARM.Collect$$libinit$$00000032  c_p.l(libinit2.o)
    0x0800012e   0x0800012e   0x00000002   Code   RO         3300    .ARM.Collect$$libinit$$00000033  c_p.l(libinit2.o)
    0x08000130   0x08000130   0x00000002   Code   RO         3331    .ARM.Collect$$libshutdown$$00000000  c_p.l(libshutdown.o)
    0x08000132   0x08000132   0x00000000   Code   RO         3357    .ARM.Collect$$libshutdown$$00000002  c_p.l(libshutdown2.o)
    0x08000132   0x08000132   0x00000000   Code   RO         3359    .ARM.Collect$$libshutdown$$00000004  c_p.l(libshutdown2.o)
    0x08000132   0x08000132   0x00000000   Code   RO         3362    .ARM.Collect$$libshutdown$$00000007  c_p.l(libshutdown2.o)
    0x08000132   0x08000132   0x00000000   Code   RO         3365    .ARM.Collect$$libshutdown$$0000000A  c_p.l(libshutdown2.o)
    0x08000132   0x08000132   0x00000000   Code   RO         3367    .ARM.Collect$$libshutdown$$0000000C  c_p.l(libshutdown2.o)
    0x08000132   0x08000132   0x00000000   Code   RO         3370    .ARM.Collect$$libshutdown$$0000000F  c_p.l(libshutdown2.o)
    0x08000132   0x08000132   0x00000002   Code   RO         3371    .ARM.Collect$$libshutdown$$00000010  c_p.l(libshutdown2.o)
    0x08000134   0x08000134   0x00000000   Code   RO         3202    .ARM.Collect$$rtentry$$00000000  c_p.l(__rtentry.o)
    0x08000134   0x08000134   0x00000000   Code   RO         3213    .ARM.Collect$$rtentry$$00000002  c_p.l(__rtentry2.o)
    0x08000134   0x08000134   0x00000006   Code   RO         3225    .ARM.Collect$$rtentry$$00000004  c_p.l(__rtentry4.o)
    0x0800013a   0x0800013a   0x00000000   Code   RO         3215    .ARM.Collect$$rtentry$$00000009  c_p.l(__rtentry2.o)
    0x0800013a   0x0800013a   0x00000004   Code   RO         3216    .ARM.Collect$$rtentry$$0000000A  c_p.l(__rtentry2.o)
    0x0800013e   0x0800013e   0x00000000   Code   RO         3218    .ARM.Collect$$rtentry$$0000000C  c_p.l(__rtentry2.o)
    0x0800013e   0x0800013e   0x00000008   Code   RO         3219    .ARM.Collect$$rtentry$$0000000D  c_p.l(__rtentry2.o)
    0x08000146   0x08000146   0x00000002   Code   RO         3248    .ARM.Collect$$rtexit$$00000000  c_p.l(rtexit.o)
    0x08000148   0x08000148   0x00000000   Code   RO         3304    .ARM.Collect$$rtexit$$00000002  c_p.l(rtexit2.o)
    0x08000148   0x08000148   0x00000004   Code   RO         3305    .ARM.Collect$$rtexit$$00000003  c_p.l(rtexit2.o)
    0x0800014c   0x0800014c   0x00000006   Code   RO         3306    .ARM.Collect$$rtexit$$00000004  c_p.l(rtexit2.o)
    0x08000152   0x08000152   0x00000002   PAD
    0x08000154   0x08000154   0x00000038   Code   RO         3179    .emb_text           c_p.l(rt_memcpy.o)
    0x0800018c   0x0800018c   0x00000038   Code   RO            4    .text               startup_stm32f030x6.o
    0x080001c4   0x080001c4   0x00000102   Code   RO         3177    .text               c_p.l(lludiv.o)
    0x080002c6   0x080002c6   0x00000040   Code   RO         3183    .text               c_p.l(rt_memclr.o)
    0x08000306   0x08000306   0x0000015a   Code   RO         3185    .text               c_p.l(aeabi_sdiv.o)
    0x08000460   0x08000460   0x00000006   Code   RO         3189    .text               c_p.l(heapauxi.o)
    0x08000466   0x08000466   0x00000002   PAD
    0x08000468   0x08000468   0x00000160   Code   RO         3193    .text               fz_ps.l(fdiv.o)
    0x080005c8   0x080005c8   0x00000030   Code   RO         3196    .text               fz_ps.l(ffixui.o)
    0x080005f8   0x080005f8   0x0000005e   Code   RO         3198    .text               fz_ps.l(fflti.o)
    0x08000656   0x08000656   0x0000003e   Code   RO         3229    .text               c_p.l(sys_stackheap_outer.o)
    0x08000694   0x08000694   0x00000010   Code   RO         3232    .text               c_p.l(exit.o)
    0x080006a4   0x080006a4   0x00000008   Code   RO         3244    .text               c_p.l(libspace.o)
    0x080006ac   0x080006ac   0x0000000c   Code   RO         3301    .text               c_p.l(sys_exit.o)
    0x080006b8   0x080006b8   0x00000002   Code   RO         3320    .text               c_p.l(use_no_semi.o)
    0x080006ba   0x080006ba   0x00000000   Code   RO         3322    .text               c_p.l(indicate_semi.o)
    0x080006ba   0x080006ba   0x00000002   PAD
    0x080006bc   0x080006bc   0x00000010   Code   RO          368    i.ADC1_IRQHandler   stm32f0xx_it.o
    0x080006cc   0x080006cc   0x0000006c   Code   RO          478    i.ADC_ConversionStop  stm32f0xx_hal_adc.o
    0x08000738   0x08000738   0x00000086   Code   RO          479    i.ADC_DMAConvCplt   stm32f0xx_hal_adc.o
    0x080007be   0x080007be   0x0000001e   Code   RO          480    i.ADC_DMAError      stm32f0xx_hal_adc.o
    0x080007dc   0x080007dc   0x0000000e   Code   RO          481    i.ADC_DMAHalfConvCplt  stm32f0xx_hal_adc.o
    0x080007ea   0x080007ea   0x000000aa   Code   RO          482    i.ADC_Disable       stm32f0xx_hal_adc.o
    0x08000894   0x08000894   0x000000d4   Code   RO          483    i.ADC_Enable        stm32f0xx_hal_adc.o
    0x08000968   0x08000968   0x00000010   Code   RO          369    i.DMA1_Channel1_IRQHandler  stm32f0xx_it.o
    0x08000978   0x08000978   0x00000020   Code   RO         1605    i.DMA_CalcBaseAndBitshift  stm32f0xx_hal_dma.o
    0x08000998   0x08000998   0x0000002a   Code   RO         1606    i.DMA_SetConfig     stm32f0xx_hal_dma.o
    0x080009c2   0x080009c2   0x0000000a   Code   RO          370    i.EXTI2_3_IRQHandler  stm32f0xx_it.o
    0x080009cc   0x080009cc   0x0000000a   Code   RO          371    i.EXTI4_15_IRQHandler  stm32f0xx_it.o
    0x080009d6   0x080009d6   0x00000006   Code   RO           12    i.Error_Handler     main.o
    0x080009dc   0x080009dc   0x00000214   Code   RO           13    i.GetValueLen       main.o
    0x08000bf0   0x08000bf0   0x00000188   Code   RO          485    i.HAL_ADC_ConfigChannel  stm32f0xx_hal_adc.o
    0x08000d78   0x08000d78   0x0000001c   Code   RO           14    i.HAL_ADC_ConvCpltCallback  main.o
    0x08000d94   0x08000d94   0x00000002   Code   RO          487    i.HAL_ADC_ConvHalfCpltCallback  stm32f0xx_hal_adc.o
    0x08000d96   0x08000d96   0x00000002   Code   RO          489    i.HAL_ADC_ErrorCallback  stm32f0xx_hal_adc.o
    0x08000d98   0x08000d98   0x00000116   Code   RO          493    i.HAL_ADC_IRQHandler  stm32f0xx_hal_adc.o
    0x08000eae   0x08000eae   0x00000002   PAD
    0x08000eb0   0x08000eb0   0x000001c4   Code   RO          494    i.HAL_ADC_Init      stm32f0xx_hal_adc.o
    0x08001074   0x08001074   0x00000002   Code   RO          495    i.HAL_ADC_LevelOutOfWindowCallback  stm32f0xx_hal_adc.o
    0x08001076   0x08001076   0x00000002   PAD
    0x08001078   0x08001078   0x000000f8   Code   RO          237    i.HAL_ADC_MspInit   adc.o
    0x08001170   0x08001170   0x000000c0   Code   RO          501    i.HAL_ADC_Start_DMA  stm32f0xx_hal_adc.o
    0x08001230   0x08001230   0x00000092   Code   RO          504    i.HAL_ADC_Stop_DMA  stm32f0xx_hal_adc.o
    0x080012c2   0x080012c2   0x00000052   Code   RO         1607    i.HAL_DMA_Abort     stm32f0xx_hal_dma.o
    0x08001314   0x08001314   0x000000f0   Code   RO         1612    i.HAL_DMA_IRQHandler  stm32f0xx_hal_dma.o
    0x08001404   0x08001404   0x0000005c   Code   RO         1613    i.HAL_DMA_Init      stm32f0xx_hal_dma.o
    0x08001460   0x08001460   0x0000009a   Code   RO         1617    i.HAL_DMA_Start_IT  stm32f0xx_hal_dma.o
    0x080014fa   0x080014fa   0x00000002   PAD
    0x080014fc   0x080014fc   0x0000002c   Code   RO          894    i.HAL_Delay         stm32f0xx_hal.o
    0x08001528   0x08001528   0x00000024   Code   RO           15    i.HAL_GPIO_EXTI_Callback  main.o
    0x0800154c   0x0800154c   0x00000020   Code   RO         1545    i.HAL_GPIO_EXTI_IRQHandler  stm32f0xx_hal_gpio.o
    0x0800156c   0x0800156c   0x000001e8   Code   RO         1546    i.HAL_GPIO_Init     stm32f0xx_hal_gpio.o
    0x08001754   0x08001754   0x00000012   Code   RO         1548    i.HAL_GPIO_ReadPin  stm32f0xx_hal_gpio.o
    0x08001766   0x08001766   0x00000014   Code   RO         1549    i.HAL_GPIO_TogglePin  stm32f0xx_hal_gpio.o
    0x0800177a   0x0800177a   0x0000000c   Code   RO         1550    i.HAL_GPIO_WritePin  stm32f0xx_hal_gpio.o
    0x08001786   0x08001786   0x00000002   PAD
    0x08001788   0x08001788   0x0000000c   Code   RO          898    i.HAL_GetTick       stm32f0xx_hal.o
    0x08001794   0x08001794   0x00000018   Code   RO          904    i.HAL_IncTick       stm32f0xx_hal.o
    0x080017ac   0x080017ac   0x00000020   Code   RO          905    i.HAL_Init          stm32f0xx_hal.o
    0x080017cc   0x080017cc   0x00000054   Code   RO          906    i.HAL_InitTick      stm32f0xx_hal.o
    0x08001820   0x08001820   0x00000040   Code   RO          458    i.HAL_MspInit       stm32f0xx_hal_msp.o
    0x08001860   0x08001860   0x0000001c   Code   RO         1705    i.HAL_NVIC_EnableIRQ  stm32f0xx_hal_cortex.o
    0x0800187c   0x0800187c   0x00000012   Code   RO         1709    i.HAL_NVIC_SetPriority  stm32f0xx_hal_cortex.o
    0x0800188e   0x0800188e   0x00000002   PAD
    0x08001890   0x08001890   0x0000016c   Code   RO          764    i.HAL_RCC_ClockConfig  stm32f0xx_hal_rcc.o
    0x080019fc   0x080019fc   0x000000d4   Code   RO          772    i.HAL_RCC_GetSysClockFreq  stm32f0xx_hal_rcc.o
    0x08001ad0   0x08001ad0   0x0000058c   Code   RO          775    i.HAL_RCC_OscConfig  stm32f0xx_hal_rcc.o
    0x0800205c   0x0800205c   0x00000038   Code   RO         1713    i.HAL_SYSTICK_Config  stm32f0xx_hal_cortex.o
    0x08002094   0x08002094   0x00000002   Code   RO         2879    i.HAL_TIMEx_BreakCallback  stm32f0xx_hal_tim_ex.o
    0x08002096   0x08002096   0x00000002   Code   RO         2880    i.HAL_TIMEx_CommutCallback  stm32f0xx_hal_tim_ex.o
    0x08002098   0x08002098   0x00000078   Code   RO         2898    i.HAL_TIMEx_MasterConfigSynchronization  stm32f0xx_hal_tim_ex.o
    0x08002110   0x08002110   0x00000064   Code   RO         2168    i.HAL_TIM_Base_Init  stm32f0xx_hal_tim.o
    0x08002174   0x08002174   0x000000bc   Code   RO          295    i.HAL_TIM_Base_MspInit  tim.o
    0x08002230   0x08002230   0x00000058   Code   RO         2171    i.HAL_TIM_Base_Start  stm32f0xx_hal_tim.o
    0x08002288   0x08002288   0x00000064   Code   RO         2173    i.HAL_TIM_Base_Start_IT  stm32f0xx_hal_tim.o
    0x080022ec   0x080022ec   0x00000044   Code   RO         2176    i.HAL_TIM_Base_Stop_IT  stm32f0xx_hal_tim.o
    0x08002330   0x08002330   0x00000110   Code   RO         2177    i.HAL_TIM_ConfigClockSource  stm32f0xx_hal_tim.o
    0x08002440   0x08002440   0x00000002   Code   RO         2202    i.HAL_TIM_IC_CaptureCallback  stm32f0xx_hal_tim.o
    0x08002442   0x08002442   0x000001c8   Code   RO         2216    i.HAL_TIM_IRQHandler  stm32f0xx_hal_tim.o
    0x0800260a   0x0800260a   0x00000002   PAD
    0x0800260c   0x0800260c   0x0000005c   Code   RO          296    i.HAL_TIM_MspPostInit  tim.o
    0x08002668   0x08002668   0x00000002   Code   RO         2219    i.HAL_TIM_OC_DelayElapsedCallback  stm32f0xx_hal_tim.o
    0x0800266a   0x0800266a   0x00000106   Code   RO         2240    i.HAL_TIM_PWM_ConfigChannel  stm32f0xx_hal_tim.o
    0x08002770   0x08002770   0x00000064   Code   RO         2243    i.HAL_TIM_PWM_Init  stm32f0xx_hal_tim.o
    0x080027d4   0x080027d4   0x00000030   Code   RO          298    i.HAL_TIM_PWM_MspInit  tim.o
    0x08002804   0x08002804   0x00000002   Code   RO         2246    i.HAL_TIM_PWM_PulseFinishedCallback  stm32f0xx_hal_tim.o
    0x08002806   0x08002806   0x00000002   PAD
    0x08002808   0x08002808   0x000001e0   Code   RO           16    i.HAL_TIM_PeriodElapsedCallback  main.o
    0x080029e8   0x080029e8   0x00000002   Code   RO         2259    i.HAL_TIM_TriggerCallback  stm32f0xx_hal_tim.o
    0x080029ea   0x080029ea   0x00000004   Code   RO          372    i.HardFault_Handler  stm32f0xx_it.o
    0x080029ee   0x080029ee   0x00000002   PAD
    0x080029f0   0x080029f0   0x000001b8   Code   RO           17    i.KeyService        main.o
    0x08002ba8   0x08002ba8   0x000000a0   Code   RO          238    i.MX_ADC_Init       adc.o
    0x08002c48   0x08002c48   0x00000034   Code   RO          274    i.MX_DMA_Init       dma.o
    0x08002c7c   0x08002c7c   0x000000d4   Code   RO          216    i.MX_GPIO_Init      gpio.o
    0x08002d50   0x08002d50   0x00000038   Code   RO          299    i.MX_TIM14_Init     tim.o
    0x08002d88   0x08002d88   0x0000003c   Code   RO          300    i.MX_TIM16_Init     tim.o
    0x08002dc4   0x08002dc4   0x0000007c   Code   RO          301    i.MX_TIM1_Init      tim.o
    0x08002e40   0x08002e40   0x00000098   Code   RO          302    i.MX_TIM3_Init      tim.o
    0x08002ed8   0x08002ed8   0x00000004   Code   RO          373    i.NMI_Handler       stm32f0xx_it.o
    0x08002edc   0x08002edc   0x00000002   Code   RO          374    i.PendSV_Handler    stm32f0xx_it.o
    0x08002ede   0x08002ede   0x00000002   PAD
    0x08002ee0   0x08002ee0   0x00000148   Code   RO           18    i.PowerOut          main.o
    0x08003028   0x08003028   0x00000002   Code   RO          375    i.SVC_Handler       stm32f0xx_it.o
    0x0800302a   0x0800302a   0x00000002   PAD
    0x0800302c   0x0800302c   0x00000140   Code   RO           19    i.Set_Value         main.o
    0x0800316c   0x0800316c   0x00000008   Code   RO          376    i.SysTick_Handler   stm32f0xx_it.o
    0x08003174   0x08003174   0x00000064   Code   RO           20    i.SystemClock_Config  main.o
    0x080031d8   0x080031d8   0x00000002   Code   RO         3143    i.SystemInit        system_stm32f0xx.o
    0x080031da   0x080031da   0x00000002   PAD
    0x080031dc   0x080031dc   0x00000010   Code   RO          377    i.TIM14_IRQHandler  stm32f0xx_it.o
    0x080031ec   0x080031ec   0x00000010   Code   RO          378    i.TIM16_IRQHandler  stm32f0xx_it.o
    0x080031fc   0x080031fc   0x00000010   Code   RO          379    i.TIM1_BRK_UP_TRG_COM_IRQHandler  stm32f0xx_it.o
    0x0800320c   0x0800320c   0x00000090   Code   RO         2261    i.TIM_Base_SetConfig  stm32f0xx_hal_tim.o
    0x0800329c   0x0800329c   0x0000001c   Code   RO         2272    i.TIM_ETR_SetConfig  stm32f0xx_hal_tim.o
    0x080032b8   0x080032b8   0x00000018   Code   RO         2273    i.TIM_ITRx_SetConfig  stm32f0xx_hal_tim.o
    0x080032d0   0x080032d0   0x0000009c   Code   RO         2274    i.TIM_OC1_SetConfig  stm32f0xx_hal_tim.o
    0x0800336c   0x0800336c   0x000000b0   Code   RO         2275    i.TIM_OC2_SetConfig  stm32f0xx_hal_tim.o
    0x0800341c   0x0800341c   0x000000ac   Code   RO         2276    i.TIM_OC3_SetConfig  stm32f0xx_hal_tim.o
    0x080034c8   0x080034c8   0x00000078   Code   RO         2277    i.TIM_OC4_SetConfig  stm32f0xx_hal_tim.o
    0x08003540   0x08003540   0x00000032   Code   RO         2279    i.TIM_TI1_ConfigInputStage  stm32f0xx_hal_tim.o
    0x08003572   0x08003572   0x00000032   Code   RO         2281    i.TIM_TI2_ConfigInputStage  stm32f0xx_hal_tim.o
    0x080035a4   0x080035a4   0x00000018   Code   RO           21    i.TimerInit         main.o
    0x080035bc   0x080035bc   0x000002cc   Code   RO           22    i.UserInit          main.o
    0x08003888   0x08003888   0x00000030   Code   RO          850    i.__ARM_common_ll_muluu  stm32f0xx_hal_rcc.o
    0x080038b8   0x080038b8   0x00000078   Code   RO         1715    i.__NVIC_SetPriority  stm32f0xx_hal_cortex.o
    0x08003930   0x08003930   0x0000005a   Code   RO           23    i.main              main.o
    0x0800398a   0x0800398a   0x00000002   PAD
    0x0800398c   0x0800398c   0x000000b0   Code   RO         3200    x$fpl$fmul          fz_ps.l(fmul.o)
    0x08003a3c   0x08003a3c   0x00000000   Code   RO         3211    x$fpl$usenofp       fz_ps.l(usenofp.o)
    0x08003a3c   0x08003a3c   0x00000004   Data   RO           25    .constdata          main.o
    0x08003a40   0x08003a40   0x00000018   Data   RO         3144    .constdata          system_stm32f0xx.o
    0x08003a58   0x08003a58   0x00000040   Data   RO         3194    .constdata          fz_ps.l(fdiv.o)
    0x08003a98   0x08003a98   0x00000020   Data   RO         3372    Region$$Table       anon$$obj.o


    Execution Region RW_IRAM1 (Exec base: 0x20000000, Load base: 0x08003ab8, Size: 0x00001c00, Max: 0x00002000, ABSOLUTE)

    Exec Addr    Load Addr    Size         Type   Attr      Idx    E Section Name        Object

    0x20000000   0x08003ab8   0x00000046   Data   RW           26    .data               main.o
    0x20000046   0x08003afe   0x00000002   PAD
    0x20000048   0x08003b00   0x00000009   Data   RW          912    .data               stm32f0xx_hal.o
    0x20000051   0x08003b09   0x00000003   PAD
    0x20000054   0x08003b0c   0x00000004   Data   RW         3145    .data               system_stm32f0xx.o
    0x20000058        -       0x000013a0   Zero   RW           24    .bss                main.o
    0x200013f8        -       0x00000084   Zero   RW          239    .bss                adc.o
    0x2000147c        -       0x00000120   Zero   RW          303    .bss                tim.o
    0x2000159c        -       0x00000060   Zero   RW         3245    .bss                c_p.l(libspace.o)
    0x200015fc   0x08003b10   0x00000004   PAD
    0x20001600        -       0x00000200   Zero   RW            2    HEAP                startup_stm32f030x6.o
    0x20001800        -       0x00000400   Zero   RW            1    STACK               startup_stm32f030x6.o


==============================================================================

Image component sizes


      Code (inc. data)   RO Data    RW Data    ZI Data      Debug   Object Name

       408         32          0          0        132       1760   adc.o
        52          4          0          0          0        706   dma.o
       212         12          0          0          0        899   gpio.o
      3100        292          4         70       5024     265182   main.o
        56         26        176          0       1536        624   startup_stm32f030x6.o
       196         38          0          9          0       7713   stm32f0xx_hal.o
      2134         58          0          0          0     261969   stm32f0xx_hal_adc.o
       222         26          0          0          0      10285   stm32f0xx_hal_cortex.o
       642         10          0          0          0       4475   stm32f0xx_hal_dma.o
       570         30          0          0          0       3967   stm32f0xx_hal_gpio.o
        64          4          0          0          0        794   stm32f0xx_hal_msp.o
      2044         90          0          0          0       4020   stm32f0xx_hal_rcc.o
      2374        100          0          0          0      14458   stm32f0xx_hal_tim.o
       124         10          0          0          0       2321   stm32f0xx_hal_tim_ex.o
       120         30          0          0          0       5182   stm32f0xx_it.o
         2          0         24          4          0       1075   system_stm32f0xx.o
       720         88          0          0        288       4369   tim.o

    ----------------------------------------------------------------------
     13064        850        236         88       6980     589799   Object Totals
         0          0         32          0          0          0   (incl. Generated)
        24          0          0          5          0          0   (incl. Padding)

    ----------------------------------------------------------------------

      Code (inc. data)   RO Data    RW Data    ZI Data      Debug   Library Member Name

         8          0          0          0          0         68   __main.o
         0          0          0          0          0          0   __rtentry.o
        12          0          0          0          0          0   __rtentry2.o
         6          0          0          0          0          0   __rtentry4.o
        60          8          0          0          0          0   __scatter.o
        26          0          0          0          0          0   __scatter_copy.o
        28          0          0          0          0          0   __scatter_zi.o
       346          0          0          0          0         92   aeabi_sdiv.o
        16          0          0          0          0         68   exit.o
         6          0          0          0          0        136   heapauxi.o
         0          0          0          0          0          0   indicate_semi.o
         2          0          0          0          0          0   libinit.o
         2          0          0          0          0          0   libinit2.o
         2          0          0          0          0          0   libshutdown.o
         2          0          0          0          0          0   libshutdown2.o
         8          4          0          0         96         68   libspace.o
       258          0          0          0          0         88   lludiv.o
        64          0          0          0          0        108   rt_memclr.o
        56          0          0          0          0         68   rt_memcpy.o
         2          0          0          0          0          0   rtexit.o
        10          0          0          0          0          0   rtexit2.o
        12          4          0          0          0         60   sys_exit.o
        62          0          0          0          0         80   sys_stackheap_outer.o
         2          0          0          0          0         68   use_no_semi.o
       352         10         64          0          0         92   fdiv.o
        48          0          0          0          0         60   ffixui.o
        94          0          0          0          0         92   fflti.o
       176          4          0          0          0         80   fmul.o
         0          0          0          0          0          0   usenofp.o

    ----------------------------------------------------------------------
      1668         30         64          0        100       1228   Library Totals
         8          0          0          0          4          0   (incl. Padding)

    ----------------------------------------------------------------------

      Code (inc. data)   RO Data    RW Data    ZI Data      Debug   Library Name

       990         16          0          0         96        904   c_p.l
       670         14         64          0          0        324   fz_ps.l

    ----------------------------------------------------------------------
      1668         30         64          0        100       1228   Library Totals

    ----------------------------------------------------------------------

==============================================================================


      Code (inc. data)   RO Data    RW Data    ZI Data      Debug   

     14732        880        300         88       7080     586335   Grand Totals
     14732        880        300         88       7080     586335   ELF Image Totals
     14732        880        300         88          0          0   ROM Totals

==============================================================================

    Total RO  Size (Code + RO Data)                15032 (  14.68kB)
    Total RW  Size (RW Data + ZI Data)              7168 (   7.00kB)
    Total ROM Size (Code + RO Data + RW Data)      15120 (  14.77kB)

==============================================================================

